{"version":2,"width":188,"height":44,"timestamp":1717684730,"theme":{},"env":{"SHELL":"/bin/bash","TERM":"xterm-256color"}}
[0.010103,"o","\u001b[?1h\u001b=\u001b[H\u001b[2J\u001b[?12l\u001b[?25h\u001b[?1000l\u001b[?1002l\u001b[?1006l\u001b[?1005l\u001b[c\u001b(B\u001b[m\u001b[?12;25h\u001b[?12l\u001b[?25h\u001b[?1003l\u001b[?1006l\u001b[?2004l\u001b[1;1H\u001b[1;44r\u001b]112\u0007\u001b[43;14H\u001b[?1006h\u001b[?1002h"]
[0.0245135,"o","\u001b]0;ascii:1:Board-Telnet - \"cavium-SYS-6018R-BM24\" \u0007\u001b[8;1H───────────────────────────────────────────────────────────────────────────────────────────────\u001b[32m─────────────────────────────────────────────────────────────────────────────────────────────\u001b[?25l\u001b(B\u001b[m\u001b[1;1H ____   ___    _    ____  ____        _   _   _    ____ _____ \u001b[K\r\n| __ ) / _ \\  / \\  |  _ \\|  _ \\      | | | | / \\  |  _ \\_   _|\u001b[K\r\n|  _ \\| | | |/ _ \\ | |_) | | | |_____| | | |/ _ \\ | |_) || |  \u001b[K\r\n| |_) | |_| / ___ \\|  _ \u003c| |_| |_____| |_| / ___ \\|  _ \u003c | |  \u001b[K\r\n|____/ \\___/_/   \\_\\_| \\_\\____/       \\___/_/   \\_\\_| \\_\\|_|  \u001b[K\r\n                                            "]
[0.0245515,"o","                  \u001b[K\r\nroot@cavium-SYS-6018R-BM24:~# \u001b[K\u001b[9;1HNOTICE:  BL2: v2.8(release): (Marvell-12.24.04)\u001b[K\r\nNOTICE:  BL2: Built : 12:44:22, Apr 21 2024\u001b[K\r\nNOTICE:  Secure Non Preserve Memory Region: 0x0 to 0xffffff (16MB)\u001b[K\r\nNOTICE:  Non-Secure Non Preserve Memory Region: 0x1000000 to 0x3faffffff (16288MB)\u001b[K\r\nNOTICE:  LMT Memory Region: 0x3fb000000 to 0x3feffffff (64MB)\u001b[K\r\nNOTICE:  Non-Secure Preserve Memory Region: 0x3ff000000 to 0x3ffffffff (16MB)\u001b[K\r\nNOTICE:  BL2: Booting BL31\u001b[K\r\nNOTICE:  BL31: v2.8(release): (Marvell-12.24.04)\u001b[K\r\nNOTICE:  BL31: Built : 12:44:26, Apr 21 2024\u001b[K\r\nNOTICE:  SCMI driver initialized\u001b[K\r\nNOTICE:  GPIO handlers registered\u001b[K\r\n\u001b[K\r\n\u001b[K\r\nU-Boot 2023.01-12.24.03 (Apr 21 2024 - 12:43:09 +0000), Build: SDK12.24.04\u001b[K\r\n\u001b[K\r\nModel: Marvell CN103XX board\u001b[K\r\nBoard: crb103-pcie\u001b[K\r\nDRAM:  15.8 GiB\u001b[K\r\nCore:  56 devices, 19 uclasses, devicetree: board\u001b[K\r\nWDT:   Started watch-dog@8020000a0000 with servicing every 1000ms (60s timeout)\u001b[K\r\nMMC:   sdhci@824000000000: 0\u001b[K\r\nLoading"]
[0.024624,"o"," Environment from SPIFlash... SF: Detected w25q256fw with page size 256 Bytes, erase size 4 KiB, total 32 MiB\u001b[K\r\nOK\u001b[K\r\nIn:    serial\u001b[K\r\nOut:   serial\u001b[K\r\nErr:   serial\u001b[K\r\nWorking FDT set to 3f2929e20\u001b[K\r\nPORTM2: RPM2 LMAC0 [50G_R]\u001b[K\r\nPORTM3: RPM2 LMAC1 [50G_R]\u001b[K\r\nNet:   \u001b[K\r\nWarning: rvu_pf#0 (eth0) using random MAC address - 96:57:c6:3b:17:96\u001b[K\r\neth0: rvu_pf#0\u001b[K\r\nWarning: rvu_pf#1 (eth1) using random MAC address - aa:5a:05:f1:7a:85\u001b[K\r\n, eth1: rvu_pf#1\u001b[K\r\ncrb103-pcie\u003e \u001b[K\u001b[37m\u001b[40m\r\n\u003c'byobu-status tmux_left' not ready\u003e                   1:Board-Telnet* 2:Board-ssh- 3:Host  4:bash  5:bash  6:bash  7:bash  8:bash                     \u003c'byobu-status tmux_right' not ready\u003e\u001b(B\u001b[m\u001b[43;14H\u001b[?12l\u001b[?25h"]
[0.024678000000000002,"o","\u001b(B\u001b[m\u001b[?12;25h\u001b[?12l\u001b[?25h\u001b[?1003l\u001b[?1006l\u001b[?2004l\u001b[1;1H\u001b[1;44r\u001b[43;14H\u001b[?1006h\u001b[?1002h"]
[0.0260075,"o","\u001b[8;1H───────────────────────────────────────────────────────────────────────────────────────────────\u001b[32m─────────────────────────────────────────────────────────────────────────────────────────────\u001b[?25l\u001b(B\u001b[m\u001b[1;1H ____   ___    _    ____  ____        _   _   _    ____ _____ \u001b[K\r\n| __ ) / _ \\  / \\  |  _ \\|  _ \\      | | | | / \\  |  _ \\_   _|\u001b[K\r\n|  _ \\| | | |/ _ \\ | |_) | | | |_____| | | |/ _ \\ | |_) || |  \u001b[K\r\n| |_) | |_| / ___ \\|  _ \u003c| |_| |_____| |_| / ___ \\|  _ \u003c | |  \u001b[K\r\n|____/ \\___/_/   \\_\\_| \\_\\____/       \\___/_/   \\_\\_| \\_\\|_|  \u001b[K\r\n                                                              \u001b[K\r\nroot@cavium-SYS-6018R-BM24:~#"]
[0.0260365,"o"," \u001b[K\u001b[9;1HNOTICE:  BL2: v2.8(release): (Marvell-12.24.04)\u001b[K\r\nNOTICE:  BL2: Built : 12:44:22, Apr 21 2024\u001b[K\r\nNOTICE:  Secure Non Preserve Memory Region: 0x0 to 0xffffff (16MB)\u001b[K\r\nNOTICE:  Non-Secure Non Preserve Memory Region: 0x1000000 to 0x3faffffff (16288MB)\u001b[K\r\nNOTICE:  LMT Memory Region: 0x3fb000000 to 0x3feffffff (64MB)\u001b[K\r\nNOTICE:  Non-Secure Preserve Memory Region: 0x3ff000000 to 0x3ffffffff (16MB)\u001b[K\r\nNOTICE:  BL2: Booting BL31\u001b[K\r\nNOTICE:  BL31: v2.8(release): (Marvell-12.24.04)\u001b[K\r\nNOTICE:  BL31: Built : 12:44:26, Apr 21 2024\u001b[K\r\nNOTICE:  SCMI driver initialized\u001b[K\r\nNOTICE:  GPIO handlers registered\u001b[K\r\n\u001b[K\r\n\u001b[K\r\nU-Boot 2023.01-12.24.03 (Apr 21 2024 - 12:43:09 +0000), Build: SDK12.24.04\u001b[K\r\n\u001b[K\r\nModel: Marvell CN103XX board\u001b[K\r\nBoard: crb103-pcie\u001b[K\r\nDRAM:  15.8 GiB\u001b[K\r\nCore:  56 devices, 19 uclasses, devicetree: board\u001b[K\r\nWDT:   Started watch-dog@8020000a0000 with servicing every 1000ms (60s timeout)\u001b[K\r\nMMC:   sdhci@824000000000: 0\u001b[K\r\nLoading Environment from SPIFlash... SF: Detected w25q256fw"]
[0.026124500000000002,"o"," with page size 256 Bytes, erase size 4 KiB, total 32 MiB\u001b[K\r\nOK\u001b[K\r\nIn:    serial\u001b[K\r\nOut:   serial\u001b[K\r\nErr:   serial\u001b[K\r\nWorking FDT set to 3f2929e20\u001b[K\r\nPORTM2: RPM2 LMAC0 [50G_R]\u001b[K\r\nPORTM3: RPM2 LMAC1 [50G_R]\u001b[K\r\nNet:   \u001b[K\r\nWarning: rvu_pf#0 (eth0) using random MAC address - 96:57:c6:3b:17:96\u001b[K\r\neth0: rvu_pf#0\u001b[K\r\nWarning: rvu_pf#1 (eth1) using random MAC address - aa:5a:05:f1:7a:85\u001b[K\r\n, eth1: rvu_pf#1\u001b[K\r\ncrb103-pcie\u003e \u001b[K\u001b[37m\u001b[40m\r\n\u003c'byobu-status tmux_left' not ready\u003e                   1:Board-Telnet* 2:Board-ssh- 3:Host  4:bash  5:bash  6:bash  7:bash  8:bash                     \u003c'byobu-status tmux_right' not ready\u003e\u001b(B\u001b[m\u001b[43;14H\u001b[?12l\u001b[?25h"]
[0.030096,"o","\u001b[?25l\u001b[37m\u001b[40m\r\n                                     1:Board-Telnet* 2:Board-ssh- 3:Host  4:bash  5:bash  6:bash  7:bash  8:bash                                       \u003c'byobu-status tmux_right' not ready\u003e\u001b(B\u001b[m\u001b[43;14H\u001b[?12l\u001b[?25h"]
[0.036070000000000005,"o","\u001b[?25l\u001b[37m\u001b[40m\r\n                                                        1:Board-Telnet* 2:Board-ssh- 3:Host  4:bash  5:bash  6:bash  7:bash  8:bash                                                         \u001b(B\u001b[m\u001b[43;14H\u001b[?12l\u001b[?25h"]
[0.5360699999999999,"o","\u001b[9;43r\u001b[43;1H\ncrb103-pcie\u003e \u001b[1;44r\u001b[43;14H"]
[0.6248425,"o","\u001b[9;43r\u001b[43;1H\ncrb103-pcie\u003e \u001b[1;44r\u001b[43;14H"]
[0.7032645,"o","\u001b[9;43r\u001b[43;1H\ncrb103-pcie\u003e \u001b[1;44r\u001b[43;14H"]
[0.8115079999999999,"o","\u001b[9;43r\u001b[43;1H\ncrb103-pcie\u003e \u001b[1;44r\u001b[43;14H"]
[0.8523734999999999,"o","\u001b[9;43r\u001b[43;1H\ncrb103-pcie\u003e \u001b[1;44r\u001b[43;14H"]
[0.9268769999999998,"o","\u001b[9;43r\u001b[43;1H\ncrb103-pcie\u003e \u001b[1;44r\u001b[43;14H"]
[1.0025714999999997,"o","\u001b[9;43r\u001b[43;1H\ncrb103-pcie\u003e \u001b[1;44r\u001b[43;14H"]
[1.0769805,"o","\u001b[9;43r\u001b[43;1H\ncrb103-pcie\u003e \u001b[1;44r\u001b[43;14H"]
[1.5769805,"o","B"]
[1.7379045,"o","o"]
[1.8123139999999998,"o","o"]
[1.9063344999999998,"o","t"]
[1.9712565,"o","i"]
[2.0642674999999997,"o","n"]
[2.1053715,"o","g"]
[2.1653545,"o"," "]
[2.6653545,"o","t"]
[2.744175,"o","h"]
[2.8058114999999995,"o","e"]
[2.9055969999999998,"o"," "]
[3.4055969999999998,"o","L"]
[3.5033005,"o","i"]
[3.5806505,"o","n"]
[3.6653395,"o","u"]
[3.7705864999999994,"o","x"]
[3.8954625,"o"," "]
[4.031326,"o","K"]
[4.134035,"o","e"]
[4.398820499999999,"o","r"]
[4.431767499999999,"o","n"]
[4.5200425,"o","e"]
[4.596346,"o","l"]
[4.811145,"o","."]
[4.9061185,"o","."]
[4.978441999999999,"o","."]
[5.0548645,"o","."]
[5.13328,"o","."]
[5.2137525,"o","."]
[5.2901039999999995,"o","."]
[5.7901039999999995,"o","\u001b[9;43r\u001b[43;1H\n\u001b[42;45H\u003cINTERRUPT\u003e\r\ncrb103-pcie\u003e \u001b[1;44r\u001b[43;14H"]
[6.2901039999999995,"o","U"]
[6.459738999999999,"o","b"]
[6.461956499999999,"o","u"]
[6.5460505,"o","n"]
[6.589401499999999,"o","t"]
[6.663594499999999,"o","u"]
[6.768825,"o"," "]
[7.027061999999999,"o","r"]
[7.235612,"o","o"]
[7.340786999999999,"o","o"]
[7.465025499999999,"o","t"]
[7.504547499999999,"o"," "]
[7.694763,"o","f"]
[7.792753999999999,"o","i"]
[7.9621645,"o","l"]
[7.9643869999999986,"o","e"]
[8.0682165,"o","s"]
[8.182751999999999,"o","y"]
[8.2462365,"o","s"]
[8.349362999999999,"o","t"]
[8.4628745,"o","e"]
[8.502191,"o","m"]
[8.5972935,"o"," "]
[8.683809499999999,"o","i"]
[8.762214,"o","s"]
[8.838776999999999,"o"," "]
[9.005745999999998,"o","m"]
[9.0848645,"o","o"]
[9.1854175,"o","u"]
[9.2834395,"o","n"]
[9.357413,"o","t"]
[9.461717,"o","e"]
[9.6878765,"o","d"]
[10.1878765,"o"," "]
[10.3923585,"o","v"]
[10.468529,"o","i"]
[10.536798000000001,"o","a"]
[10.6183485,"o"," "]
[10.858409,"o","N"]
[10.997254,"o","F"]
[11.193371,"o","S"]
[11.4414085,"o","."]
[11.525939000000001,"o","."]
[11.6249,"o","."]
[11.684826000000001,"o","."]
[11.7613835,"o","."]
[11.8397285,"o","."]
[11.920164,"o","."]
[12.309661,"o","\u001b[9;43r\u001b[43;1H\n\u001b[42;62H\u003cINTERRUPT\u003e\r\ncrb103-pcie\u003e \u001b[1;44r\u001b[43;14H"]
[12.809661,"o","\u001b[9;43r\u001b[43;1H\ncrb103-pcie\u003e \u001b[1;44r\u001b[43;14H"]
[12.887938,"o","\u001b[9;43r\u001b[43;1H\ncrb103-pcie\u003e \u001b[1;44r\u001b[43;14H"]
[12.9686115,"o","\u001b[9;43r\u001b[43;1H\ncrb103-pcie\u003e \u001b[1;44r\u001b[43;14H"]
[13.147552,"o","r"]
[13.240428,"o","u"]
[13.3373835,"o","n"]
[13.4667405,"o"," "]
[13.521127,"o","b"]
[13.6884765,"o","o"]
[13.7648345,"o","o"]
[13.8225895,"o","t"]
[14.018739,"o","_"]
[14.518739,"o","u"]
[14.619701500000001,"o","b"]
[14.8533465,"o","untu "]
[15.3443215,"o","\u001b[9;43r\u001b[3S\u001b[41dstarting USB...\r\nBus xhci_pci: Register 2000140 NbrPorts 2\r\nSt\u001b[1;44r\u001b[43;3H"]
[15.3445335,"o","\u001b[9;43r\u001b[5S\u001b[38;3Harting the controller\r\nUSB XHCI 1.10\r\nBus xhci_pci: Register 2000140 NbrPorts 2\r\nStarting the controller\r\nUSB XHCI 1.10\r\nscannin\u001b[1;44r\u001b[43;8H"]
[15.345871000000002,"o","g bus xhci_pci for devices... "]
[15.845871000000002,"o","\u001b[9;43r\u001b[43;1H\n\u001b[42;38H2 USB Device(s) found\r\nscanning bus xhci_pci for devices... \u001b[1;44r\u001b[43;38H"]
[16.345871000000002,"o","\u001b[9;43r\u001b[43;1H\n\u001b[42;38H1 USB Device(s) found\r\n       scanning usb for storage devices..\u001b[1;44r\u001b[43;42H"]
[16.347424500000002,"o","\u001b[9;43r\u001b[43;1H\n\u001b[42;42H. 0 Storage Device(s) found\u001b[1;44r\u001b[43;1H"]
[16.349104500000003,"o","\u001b[9;43r\u001b[43;1H\n\u001b[ABOOTP broadcast 1\u001b[1;44r\u001b[43;1H"]
[16.3657335,"o","\u001b[9;43r\u001b[43;1H\n\u001b[ADHCP client bound to address 10.28.35.150 (30 ms)\u001b[1;44r\u001b[43;1H"]
[16.378291500000003,"o","\u001b[9;43r\u001b[43;1H\n\u001b[ABOOTP broadcast 1\u001b[1;44r\u001b[43;1H"]
[16.386613500000003,"o","\u001b[9;43r\u001b[43;1H\n\u001b[ADHCP client bound to address 10.28.35.150 (14 ms)\u001b[1;44r\u001b[43;1H"]
[16.399189000000003,"o","\u001b[9;43r\u001b[43;1H\n\u001b[ABOOTP broadcast 1\u001b[1;44r\u001b[43;1H"]
[16.4175265,"o","\u001b[9;43r\u001b[43;1H\n\u001b[ADHCP client bound to address 10.28.35.150 (34 ms)\u001b[1;44r\u001b[43;1H"]
[16.432977,"o","\u001b[9;43r\u001b[43;1H\n\u001b[AUsing r8152_eth device\r\nTFTP from server 10.28.34.13; our IP add\u001b[1;44r\u001b[43;41H"]
[16.4345895,"o","\u001b[9;43r\u001b[2S\u001b[41;41Hress is 10.28.35.150\r\nFilename 'harman/cn10k/Image_tad1'.\u001b[1;44r\u001b[43;1H"]
[16.436326,"o","\u001b[9;43r\u001b[43;1H\n\u001b[ALoad address: 0x20080000\r\nLoading: *\u001b[1;44r\u001b[43;10H"]
[16.6337885,"o","#"]
[16.7152755,"o","#"]
[16.849039500000003,"o","#"]
[16.9831435,"o","#"]
[17.130020000000002,"o","#"]
[17.253870000000003,"o","#"]
[17.387645000000003,"o","#"]
[17.520479,"o","#"]
[17.665625000000002,"o","#"]
[17.7897345,"o","#"]
[17.923259,"o","#"]
[18.131187,"o","#"]
[18.18881,"o","#"]
[18.3243185,"o","#"]
[18.460176,"o","#"]
[18.621953,"o","#"]
[18.731047500000003,"o","#"]
[18.863180000000003,"o","#"]
[18.998066,"o","#"]
[19.141620500000002,"o","#"]
[19.276982500000003,"o","#"]
[19.418789500000003,"o","#"]
[19.628747,"o","#"]
[19.704030500000002,"o","#"]
[19.840014000000004,"o","#"]
[19.979264500000003,"o","#"]
[20.132741000000003,"o","#"]
[20.249635,"o","#"]
[20.382186,"o","#"]
[20.518628000000003,"o","#"]
[20.654978500000002,"o","#"]
[20.7907435,"o","#"]
[20.925475000000002,"o","#"]
[21.130493500000004,"o","#"]
[21.20269,"o","#"]
[21.335802500000003,"o","#"]
[21.4692645,"o","#"]
[21.638285000000003,"o","#"]
[21.739725000000004,"o","#"]
[21.873101000000002,"o","#"]
[22.009104500000003,"o","#"]
[22.144339000000002,"o","#"]
[22.2777825,"o","#"]
[22.413260500000003,"o","#"]
[22.548016500000003,"o","#"]
[22.6827165,"o","#"]
[22.819062000000002,"o","#"]
[22.9506395,"o","#"]
[23.125395500000003,"o","#"]
[23.232589500000003,"o","\u001b[9;43r\u001b[4S\u001b[39;59H#  40.5 MiB\u001b[40;9H 3 MiB/s\r\ndone\r\nBytes transferred = 42473984 (2881a00 hex)\u001b[1;44r\u001b[43;1H"]
[23.234846,"o","\u001b[9;43r\u001b[43;1H\n\u001b[AMoving Image from 0x20080000 to 0x20200000, end=22bd0000\u001b[1;44r\u001b[43;1H"]
[23.260878,"o","\u001b[9;43r\u001b[43;1H\n\u001b[A## Flattened Device Tree blob at 3f2929e20\r\n   Booting using the\u001b[1;44r\u001b[43;21H"]
[23.262461000000002,"o","\u001b[9;43r\u001b[2S\u001b[41;21H fdt blob at 0x3f2929e20\r\nWorking FDT set to 3f2929e20\u001b[1;44r\u001b[43;1H"]
[23.276303000000002,"o","   Loading Device Tree to 00000003f190d000, end 00000003f1921f6b"]
[23.277970500000002,"o","\u001b[9;43r\u001b[2S\u001b[41;65H ... OK\r\nWorking FDT set to 3f190d000\u001b[1;44r\u001b[43;1H"]
[23.302868,"o","\u001b[9;43r\u001b[3S\u001b[41dStarting kernel ...\u001b[1;44r\u001b[43;1H"]
[23.319366000000002,"o","[    0.000000] Booting Linux on physical CPU 0x0000000000 [0x410"]
[23.3194845,"o","\u001b[9;43r\u001b[43;1H\n\u001b[42;65Hfd490]\r\n[    0.000000] Linux version 6.1.67-gdbdd9b48cbda (root@cavium-SYS-6018R-BM24) (aarch64-marvell-linux-gnu-gcc (Marvell Inc. Version: Marvell GCC12 build 12004.0) 12.2.0, GNU ld (Marvel\u001b[1;44r\u001b[43;185H"]
[23.330922,"o","\u001b[9;43r\u001b[43;1H\n\u001b[42;185Hl Inc. Version: Marvell GCC12 build 12004.0) 2.38) #265 SMP PREE\u001b[1;44r\u001b[43;61H"]
[23.331035000000004,"o","\u001b[9;43r\u001b[3S\u001b[40;61HMPT Mon Apr 15 11:43:22 IST 2024\r\n[    0.000000] Machine model: Marvell CN103XX board\r\n[    0.000000] earlycon: pl11 at MMIO 0x000087e028000000 (options '')\r\n[    0.000000] printk: bootconsole\u001b[1;44r\u001b[43;35H"]
[23.332781,"o","\u001b[9;43r\u001b[43;1H\n\u001b[42;35H [pl11] enabled\u001b[1;44r\u001b[43;1H"]
[23.334646000000003,"o","\u001b[9;43r\u001b[43;1H\n\u001b[A[    0.000000] efi: UEFI not found.\u001b[1;44r\u001b[43;1H"]
[23.342564000000003,"o","\u001b[9;43r\u001b[43;1H\n\u001b[A[    0.000000] NUMA: NODE_DATA [mem 0x3f686d700-0x3f686f2ff]\u001b[1;44r\u001b[43;1H"]
[23.352965,"o","\u001b[9;43r\u001b[43;1H\n\u001b[A[    0.000000] Zone ranges:\r\n[    0.000000]   DMA      [mem 0x00\u001b[1;44r\u001b[43;36H"]
[23.353154000000004,"o","\u001b[9;43r\u001b[4S\u001b[39;36H00000004000000-0x00000000ffffffff]\r\n[    0.000000]   DMA32    empty\r\n[    0.000000]   Normal   [mem 0x0000000100000000-0x00000003f6afffff]\r\n[    0.000000] Movable zone start for each node\r\n[  \u001b[1;44r\u001b[43;4H"]
[23.363987,"o","\u001b[9;43r\u001b[43;1H\n\u001b[42;4H  0.000000] Early memory node ranges\r\n[    0.000000]   node   0:\u001b[1;44r\u001b[43;27H"]
[23.364135500000003,"o","\u001b[9;43r\u001b[3S\u001b[40;27H [mem 0x0000000004000000-0x000000002005ffff]\r\n[    0.000000]   node   0: [mem 0x0000000020060000-0x000000002006ffff]\r\n[    0.000000]   node   0: [mem 0x0000000020080000-0x00000003f6afffff]\r\n[ \u001b[1;44r\u001b[43;3H"]
[23.367423000000002,"o","   0.000000] Initmem setup node 0 [mem 0x0000000004000000-0x0000"]
[23.369069000000003,"o","\u001b[9;43r\u001b[43;1H\n\u001b[42;67H0003f6afffff]\u001b[1;44r\u001b[43;1H"]
[23.370649,"o","[    0.000000] On node 0, zone DMA: 1024 pages in unavailable ra"]
[23.37227,"o","\u001b[9;43r\u001b[43;1H\n\u001b[42;65Hnges\u001b[1;44r\u001b[43;1H"]
[23.38296,"o","[    0.000000] On node 0, zone DMA: 1 pages in unavailable range"]
[23.3831975,"o","\u001b[9;43r\u001b[4S\u001b[39;65Hs\r\n[    0.000000] On node 0, zone Normal: 2384 pages in unavailable ranges\r\n[    0.000000] psci: probing for conduit method from DT.\r\n[    0.000000] psci: PSCIv1.1 detected in firmware.\r\n[    \u001b[1;44r\u001b[43;6H"]
[23.3900995,"o","\u001b[9;43r\u001b[43;1H\n\u001b[42;6H0.000000] psci: Using standard PSCI v0.2 function IDs\r\n[    0.00\u001b[1;44r\u001b[43;10H"]
[23.3902375,"o","\u001b[9;43r\u001b[43;1H\n\u001b[42;10H0000] psci: Trusted OS resident on physical CPU 0x0\r\n[    0.0000\u001b[1;44r\u001b[43;12H"]
[23.3917055,"o","\u001b[9;43r\u001b[43;1H\n\u001b[42;12H00] psci: SMC Calling Convention v1.2\u001b[1;44r\u001b[43;1H"]
[23.401970000000002,"o","[    0.000000] percpu: Embedded 10 pages/cpu s584936 r8192 d6223"]
[23.402139000000002,"o","\u001b[9;43r\u001b[3S\u001b[40;65H2 u655360\r\n[    0.000000] Detected PIPT I-cache on CPU0\r\n[    0.000000] CPU features: detected: Address authentication (architected QARMA5 algorithm)\r\n[    0.000000] CPU features: detected: GI\u001b[1;44r\u001b[43;42H"]
[23.41347,"o","\u001b[9;43r\u001b[43;1H\n\u001b[42;42HC system register CPU interface\r\n[    0.000000] CPU features: de\u001b[1;44r\u001b[43;32H"]
[23.4136285,"o","\u001b[9;43r\u001b[3S\u001b[40;32Htected: Virtualization Host Extensions\r\n[    0.000000] CPU features: detected: Hardware dirty bit management\r\n[    0.000000] CPU features: detected: Spectre-v4\r\n[    0.000000] CPU features: de\u001b[1;44r\u001b[43;32H"]
[23.423912,"o","\u001b[9;43r\u001b[43;1H\n\u001b[42;32Htected: Spectre-BHB\r\n[    0.000000] CPU features: kernel page ta\u001b[1;44r\u001b[43;44H"]
[23.4240625,"o","\u001b[9;43r\u001b[2S\u001b[41;44Hble isolation disabled by kernel configuration\r\n[    0.000000] CPU features: detected: ARM erratum 2067961 or 2054223\r\n[    0.00\u001b[1;44r\u001b[43;10H"]
[23.425509,"o","\u001b[9;43r\u001b[43;1H\n\u001b[42;10H0000] alternatives: applying boot alternatives\u001b[1;44r\u001b[43;1H"]
[23.435978000000002,"o","\u001b[9;43r\u001b[43;1H\n\u001b[A[    0.000000] Fallback order for Node 0: 0 \r\n[    0.000000] Bui\u001b[1;44r\u001b[43;19H"]
[23.4361305,"o","\u001b[9;43r\u001b[2S\u001b[41;19Hlt 1 zonelists, mobility grouping on.  Total pages: 258482\r\n[    0.000000] Policy zone: Normal\r\n[    0.000000] Kernel command line: console=ttyAMA0,115200n8 earlycon=pl011,0x87e028000000 maxcp\u001b[1;44r\u001b[43;97H"]
[23.443028,"o","us=24 rootwait rw coherent_pool=16M root=/dev/nfs nfsroot=10.28."]
[23.443213500000002,"o","\u001b[9;43r\u001b[43;1H\n\u001b[42;161H34.21:/export/nfs_srv/ubuntu,v3,tcp ip=dhcp vfio-pci.enable_srio\u001b[1;44r\u001b[43;37H"]
[23.444702500000002,"o","\u001b[9;43r\u001b[43;1H\n\u001b[42;37Hv=1 rvu_af.kpu_profile=ovs_kpu_cnxk\u001b[1;44r\u001b[43;1H"]
[23.454863500000002,"o","\u001b[9;43r\u001b[43;1H\n\u001b[A[    0.000000] random: crng init done\r\n[    0.000000] printk: lo\u001b[1;44r\u001b[43;26H"]
[23.455050500000002,"o","\u001b[9;43r\u001b[3S\u001b[40;26Hg_buf_len individual max cpu contribution: 8192 bytes\r\n[    0.000000] printk: log_buf_len total cpu_extra contributions: 57344 bytes\r\n[    0.000000] printk: log_buf_len min size: 65536 bytes\u001b[1;44r\u001b[43;1H"]
[23.459186000000003,"o","\u001b[9;43r\u001b[43;1H\n\u001b[A[    0.000000] printk: log_buf_len: 131072 bytes\r\n[    0.000000]\u001b[1;44r\u001b[43;15H"]
[23.460805500000003,"o","\u001b[9;43r\u001b[43;1H\n\u001b[42;15H printk: early log buf free: 62512(95%)\u001b[1;44r\u001b[43;1H"]
[23.4635025,"o","[    0.000000] Dentry cache hash table entries: 2097152 (order: "]
[23.465124000000003,"o","\u001b[9;43r\u001b[43;1H\n\u001b[42;65H8, 16777216 bytes, linear)\u001b[1;44r\u001b[43;1H"]
[23.472889000000002,"o","[    0.000000] Inode-cache hash table entries: 1048576 (order: 7"]
[23.47305,"o","\u001b[9;43r\u001b[2S\u001b[41;65H, 8388608 bytes, linear)\r\n[    0.000000] mem auto-init: stack:off, heap alloc:off, heap free:off\r\n[    0.000000] software IO TLB\u001b[1;44r\u001b[43;31H"]
[23.474479000000002,"o","\u001b[9;43r\u001b[43;1H\n\u001b[42;31H: area num 8.\u001b[1;44r\u001b[43;1H"]
[23.478697500000003,"o","[    0.000000] software IO TLB: mapped [mem 0x00000000fbff0000-0"]
[23.4802755,"o","\u001b[9;43r\u001b[43;1H\n\u001b[42;65Hx00000000ffff0000] (64MB)\u001b[1;44r\u001b[43;1H"]
[23.491422000000004,"o","[    0.000000] Memory: 16400512K/16559040K available (22528K ker"]
[23.491655,"o","\u001b[9;43r\u001b[2S\u001b[41;65Hnel code, 3206K rwdata, 7488K rodata, 7872K init, 1079K bss, 158528K reserved, 0K cma-reserved)\r\n[    0.000000] SLUB: HWalign=64, Order=0-3, MinObjects=0, CPUs=8, Nodes=1\r\n[    0.000000] ftrac\u001b[1;44r\u001b[43;21H"]
[23.494464500000003,"o","\u001b[9;43r\u001b[43;1H\n\u001b[42;21He: allocating 69774 entries in 18 pages\u001b[1;44r\u001b[43;1H"]
[23.5224295,"o","\u001b[9;43r\u001b[43;1H\n\u001b[A[    0.000000] ftrace: allocated 18 pages with 2 groups\r\n[    0.\u001b[1;44r\u001b[43;8H"]
[23.522648,"o","\u001b[9;43r\u001b[3S\u001b[40;8H000000] \r\n[    0.000000] **********************************************************\r\n[    0.000000] **   NOTICE NOTICE NOTICE NOTICE NOTICE NOTICE NOTICE   **\r\n[    0.000000] **               \u001b[1;44r\u001b[43;33H"]
[23.533968,"o","\u001b[9;43r\u001b[43;1H\n\u001b[42;33H                                       **\r\n[    0.000000] ** tra\u001b[1;44r\u001b[43;22H"]
[23.534128000000003,"o","\u001b[9;43r\u001b[2S\u001b[41;22Hce_printk() being used. Allocating extra memory.  **\r\n[    0.000000] **                                                      **\r\n[    0.000000] ** This means that this is a DEBUG kernel and it\u001b[1;44r\u001b[43;64H"]
[23.5454465,"o","\u001b[9;43r\u001b[43;1H\n\u001b[42;64H is     **\r\n[    0.000000] ** unsafe for production use.        \u001b[1;44r\u001b[43;53H"]
[23.545669500000002,"o","\u001b[9;43r\u001b[3S\u001b[40;53H                   **\r\n[    0.000000] **                                                      **\r\n[    0.000000] ** If you see this message and you are not debugging    **\r\n[    0.000000] ** t\u001b[1;44r\u001b[43;20H"]
[23.634262000000003,"o","\u001b[9;43r\u001b[24S\u001b[19;20Hhe kernel, report this immediately to your vendor!  **\r\n[    0.000000] **                                                      **\r\n[    0.000000] **   NOTICE NOTICE NOTICE NOTICE NOTICE NOTICE NOTICE   **\r\n[    0.000000] **********************************************************\r\n[    0.000000] trace event string verifier disabled\r\n[    0.000000] rcu: Preemptible hierarchical RCU implementation.\r\n[    0.000000] rcu: \u001b[4CRCU restricting CPUs from NR_CPUS=96 to nr_cpu_ids=8.\r\n[    0.000000] \u001b[CTrampoline variant of Tasks RCU enabled.\r\n[    0.000000] \u001b[CRude variant of Tasks RCU enabled.\r\n[    0.000000] \u001b[CTracing variant of Tasks RCU enabled.\r\n[    0.000000] rcu: RCU calculated value of scheduler-enlistment delay is 25 jiffies.\r\n[    0.000000] rcu: Adjusting geometry for rcu_fanout_leaf=16, nr_cpu_ids=8\r\n[    0.000000] NR_IRQS: 64, nr_irqs: 64, preallocated irqs: 0\r\n[    0.000000] GICv3: GIC: Using split EOI/Deactivate mode\r\n[    0.000000] GICv3: 512 SPIs implemented\r\n[    0.000000] GICv3: 0"]
[23.6342955,"o"," Extended SPIs implemented\r\n[    0.000000] Root IRQ handler: gic_handle_irq\r\n[    0.000000] GICv3: GICv3 features: 48 PPIs, DirectLPI\r\n[    0.000000] GICv3: GICv4 features: DirectLPI RVPEID Valid+Dirty \r\n[    0.000000] GICv3: CPU0: found redistributor 0 region 0:0x00008010001c0000\r\n[    0.000000] ITS [mem 0x801000040000-0x80100007ffff]\r\n[    0.000000] ITS@0x0000801000040000: Single VMOVP capable\r\n[    0.000000] ITS@0x0000801000040000: Using GICv4.1 mode 00000000 00000001\r\n[    0.000000] ITS@0x0000801000040000: allocated 8192 Devices @1004a0000 (indirect, esz 8, psz 64K, shr 1)\r\n[    0.000000] ITS@0x0000801000040000: allocated 32768 I\u001b[1;44r\u001b[43;57H"]
[23.635331,"o","\u001b[9;43r\u001b[3S\u001b[40;57Hnterrupt Collections @1004b0000 (flat, esz 2, psz 64K, shr 1)\r\n[    0.000000] ITS@0x0000801000040000: allocated 8192 Virtual CPUs @1004c0000 (flat, esz 8, psz 64K, shr 1)\r\n[    0.000000] GICv3: using LPI property table @0x00000001004d0000\r\n[    0.000000] I\u001b[1;44r\u001b[43;17H"]
[23.642590000000002,"o","\u001b[9;43r\u001b[43;1H\n\u001b[42;17HTS: Using DirectLPI for VPE invalidation\r\n[    0.000000] ITS: En\u001b[1;44r\u001b[43;23H"]
[23.642936000000002,"o","\u001b[9;43r\u001b[2S\u001b[41;23Habling GICv4 support\r\n[    0.000000] GICv3: CPU0: using allocated LPI pending table @0x00000001004e0000\r\n[    0.000000] rcu: src\u001b[1;44r\u001b[43;24H"]
[23.6442835,"o","\u001b[9;43r\u001b[43;1H\n\u001b[42;24Hu_init: Setting srcu_struct sizes based on contention.\u001b[1;44r\u001b[43;1H"]
[23.654422500000003,"o","[    0.000000] arch_timer: cp15 timer(s) running at 1000.00MHz ("]
[23.654684000000003,"o","\u001b[9;43r\u001b[2S\u001b[41;65Hphys).\r\n[    0.000000] clocksource: arch_sys_counter: mask: 0x1fffffffffffffff max_cycles: 0x1cd42e4dffb, max_idle_ns: 881590591483 ns\r\n[    0.000000] sched_clock: 61 bits at 1000MHz, resoluti\u001b[1;44r\u001b[43;57H"]
[23.6700805,"o","\u001b[9;43r\u001b[4S\u001b[39;57Hon 1ns, wraps every 4398046511103ns\r\n[    0.008402] Console: colour dummy device 80x25\r\n[    0.012982] Calibrating delay loop (skipped), value calculated using timer frequency.. 2000.00 BogoMIPS (lpj=4000000)\r\n[    0.023871] pid_max: default: 32768 minimum: 301\r\n[    0.028618] LSM: Security F\u001b[1;44r\u001b[43;31H"]
[23.6762635,"o","\u001b[9;43r\u001b[43;1H\n\u001b[42;31Hramework initializing\r\n[    0.033380] Mount-cache hash table ent\u001b[1;44r\u001b[43;42H"]
[23.676580500000004,"o","\u001b[9;43r\u001b[43;1H\n\u001b[42;42Hries: 32768 (order: 2, 262144 bytes, linear)\r\n[    0.041154] Mountpoint-cache hash table entries: 32768 (order: 2, 262144 bytes,\u001b[1;44r\u001b[43;83H"]
[23.677920500000003,"o","\u001b[9;43r\u001b[43;1H\n\u001b[42;83H linear)\u001b[1;44r\u001b[43;1H"]
[23.688403500000003,"o","[    0.049757] cblist_init_generic: Setting adjustable number of"]
[23.688694,"o","\u001b[9;43r\u001b[3S\u001b[40;65H callback queues.\r\n[    0.057174] cblist_init_generic: Setting shift to 3 and lim to 1.\r\n[    0.063433] cblist_init_generic: Setting adjustable number of callback queues.\r\n[    0.070849] cblis\u001b[1;44r\u001b[43;21H"]
[23.699442500000004,"o","\u001b[9;43r\u001b[43;1H\n\u001b[42;21Ht_init_generic: Setting shift to 3 and lim to 1.\r\n[    0.077113]\u001b[1;44r\u001b[43;15H"]
[23.699671000000002,"o","\u001b[9;43r\u001b[2S\u001b[41;15H cblist_init_generic: Setting adjustable number of callback queues.\r\n[    0.084523] cblist_init_generic: Setting shift to 3 and lim to 1.\r\n[    0.090806] rcu: Hierarchical SRCU implementation.\u001b[1;44r\u001b[43;54H"]
[23.703912000000003,"o","\u001b[9;43r\u001b[2S\u001b[42d[    0.095723] rcu: \u001b[4CMax phase no-delay instances is 1000.\u001b[1;44r\u001b[43;1H"]
[23.713954,"o","[    0.101202] Platform MSI: gic-its@801000040000 domain created"]
[23.714171,"o","\u001b[9;43r\u001b[3S\u001b[41d[    0.107119] PCI/MSI: /interrupt-controller@801000000000/gic-its@801000040000 domain created\r\n[    0.115708] EFI services will not be available.\r\n[    0.120401] smp: Bringing up secondary \u001b[1;44r\u001b[43;43H"]
[23.7157455,"o","\u001b[9;43r\u001b[43;1H\n\u001b[42;43HCPUs ...\u001b[1;44r\u001b[43;1H"]
[23.733397,"o","\u001b[9;43r\u001b[3S\u001b[40d[    0.125183] Detected PIPT I-cache on CPU1\r\n[    0.125237] GICv3: CPU1: found redistributor 10000 region 0:0x0000801000140000\r\n[    0.125244] GICv3: CPU1: using allocated LPI pending table @0x00000001004f0000\r\n[    0.125257] CPU1: Booted secondary proces\u001b[1;44r\u001b[43;45H"]
[23.7383835,"o","\u001b[9;43r\u001b[4S\u001b[39;45Hsor 0x0000010000 [0x410fd490]\r\n[    0.125410] Detected PIPT I-cache on CPU2\r\n[    0.125464] GICv3: CPU2: found redistributor 20000 region 0:0x0000801000180000\r\n[    0.125471] GICv3: CPU2: using allocated LPI pending table @0x0000000100500000\r\n[    0.125487\u001b[1;44r\u001b[43;14H"]
[23.749487000000002,"o","\u001b[9;43r\u001b[43;1H\n\u001b[42;14H] CPU2: Booted secondary processor 0x0000020000 [0x410fd490]\r\n[ \u001b[1;44r\u001b[43;3H"]
[23.74968,"o","\u001b[9;43r\u001b[2S\u001b[41;3H   0.125636] Detected PIPT I-cache on CPU3\r\n[    0.125685] GICv3: CPU3: found redistributor 30000 region 0:0x0000801000100000\r\n[    0.125692] GICv3: CPU3: using allocated LPI pending table @0x\u001b[1;44r\u001b[43;66H"]
[23.760966500000002,"o","\u001b[9;43r\u001b[43;1H\n\u001b[42;66H0000000100510000\r\n[    0.125707] CPU3: Booted secondary processo\u001b[1;44r\u001b[43;47H"]
[23.761216500000003,"o","\u001b[9;43r\u001b[3S\u001b[40;47Hr 0x0000030000 [0x410fd490]\r\n[    0.125840] Detected PIPT I-cache on CPU4\r\n[    0.125892] GICv3: CPU4: found redistributor 40000 region 0:0x0000801000240000\r\n[    0.125899] GICv3: CPU4: using \u001b[1;44r\u001b[43;35H"]
[23.772506000000003,"o","\u001b[9;43r\u001b[43;1H\n\u001b[42;35Hallocated LPI pending table @0x0000000100520000\r\n[    0.125913] \u001b[1;44r\u001b[43;16H"]
[23.772755500000002,"o","\u001b[9;43r\u001b[3S\u001b[40;16HCPU4: Booted secondary processor 0x0000040000 [0x410fd490]\r\n[    0.126052] Detected PIPT I-cache on CPU5\r\n[    0.126104] GICv3: CPU5: found redistributor 50000 region 0:0x00008010000c0000\r\n[  \u001b[1;44r\u001b[43;4H"]
[23.783974500000003,"o","  0.126110] GICv3: CPU5: using allocated LPI pending table @0x00"]
[23.784175,"o","\u001b[9;43r\u001b[3S\u001b[40;68H00000100530000\r\n[    0.126124] CPU5: Booted secondary processor 0x0000050000 [0x410fd490]\r\n[    0.126263] Detected PIPT I-cache on CPU6\r\n[    0.126317] GICv3: CPU6: found redistributor 60000 r\u001b[1;44r\u001b[43;56H"]
[23.794892,"o","\u001b[9;43r\u001b[43;1H\n\u001b[42;56Hegion 0:0x0000801000200000\r\n[    0.126324] GICv3: CPU6: using al\u001b[1;44r\u001b[43;37H"]
[23.795109,"o","\u001b[9;43r\u001b[3S\u001b[40;37Hlocated LPI pending table @0x0000000100540000\r\n[    0.126338] CPU6: Booted secondary processor 0x0000060000 [0x410fd490]\r\n[    0.126476] Detected PIPT I-cache on CPU7\r\n[    0.126529] GICv3: CP\u001b[1;44r\u001b[43;25H"]
[23.8064815,"o","\u001b[9;43r\u001b[43;1H\n\u001b[42;25HU7: found redistributor 70000 region 0:0x0000801000080000\r\n[    \u001b[1;44r\u001b[43;6H"]
[23.806674,"o","\u001b[9;43r\u001b[2S\u001b[41;6H0.126537] GICv3: CPU7: using allocated LPI pending table @0x0000000100550000\r\n[    0.126553] CPU7: Booted secondary processor 0x0000070000 [0x410fd490]\r\n[    0.126594] smp: Brought up 1 node, \u001b[1;44r\u001b[43;40H"]
[23.817994000000002,"o","\u001b[9;43r\u001b[2S\u001b[41;40H8 CPUs\r\n[    0.310161] SMP: Total of 8 processors activated.\r\n[ \u001b[1;44r\u001b[43;3H"]
[23.8181265,"o","\u001b[9;43r\u001b[2S\u001b[41;3H   0.314994] CPU features: detected: Branch Target Identification\r\n[    0.321159] CPU features: detected: 32-bit EL0 Support\r\n[    0.326426] CPU features: detected: ARMv8.4 Translation Table L\u001b[1;44r\u001b[43;67H"]
[23.8294955,"o","\u001b[9;43r\u001b[43;1H\n\u001b[42;67Hevel\r\n[    0.332855] CPU features: detected: Instruction cache i\u001b[1;44r\u001b[43;59H"]
[23.829709500000003,"o","\u001b[9;43r\u001b[2S\u001b[41;59Hnvalidation not required for I/D coherence\r\n[    0.341963] CPU features: detected: Data cache clean to the PoU not required for I/D coherence\r\n[    0.350798] CPU features: detected: Common not\u001b[1;44r\u001b[43;50H"]
[23.840959,"o","\u001b[9;43r\u001b[43;1H\n\u001b[42;50H Private translations\r\n[    0.357240] CPU features: detected: CR\u001b[1;44r\u001b[43;42H"]
[23.8411855,"o","\u001b[9;43r\u001b[3S\u001b[40;42HC32 instructions\r\n[    0.362507] CPU features: detected: Data cache clean to Point of Deep Persistence\r\n[    0.370182] CPU features: detected: Data cache clean to Point of Persistence\r\n[    0.\u001b[1;44r\u001b[43;8H"]
[23.852439500000003,"o","377411] CPU features: detected: Data independent timing control "]
[23.852690000000003,"o","\u001b[9;43r\u001b[3S\u001b[40;72H(DIT)\r\n[    0.384370] CPU features: detected: E0PD\r\n[    0.388383] CPU features: detected: Generic authentication (architected QARMA5 algorithm)\r\n[    0.396783] CPU features: detected: RCpc lo\u001b[1;44r\u001b[43;47H"]
[23.8639775,"o","\u001b[9;43r\u001b[43;1H\n\u001b[42;47Had-acquire (LDAPR)\r\n[    0.402672] CPU features: detected: LSE a\u001b[1;44r\u001b[43;45H"]
[23.864226000000002,"o","\u001b[9;43r\u001b[3S\u001b[40;45Htomic instructions\r\n[    0.408380] CPU features: detected: Privileged Access Never\r\n[    0.414094] CPU features: detected: RAS Extension Support\r\n[    0.419628] CPU features: detected: Random \u001b[1;44r\u001b[43;47H"]
[23.875476000000003,"o","\u001b[9;43r\u001b[43;1H\n\u001b[42;47HNumber Generator\r\n[    0.425339] CPU features: detected: Specula\u001b[1;44r\u001b[43;47H"]
[23.8757115,"o","\u001b[9;43r\u001b[3S\u001b[40;47Htion barrier (SB)\r\n[    0.431142] CPU features: detected: Stage-2 Force Write-Back\r\n[    0.436942] CPU features: detected: TLB range maintenance instructions\r\n[    0.443633] CPU features: dete\u001b[1;44r\u001b[43;34H"]
[23.886465500000003,"o","\u001b[9;43r\u001b[43;1H\n\u001b[42;34Hcted: Memory Partitioning And Monitoring\r\n[    0.450329] CPU fea\u001b[1;44r\u001b[43;23H"]
[23.886799000000003,"o","\u001b[9;43r\u001b[2S\u001b[41;23Htures: detected: Speculative Store Bypassing Safe (SSBS)\r\n[    0.457470] CPU features: detected: Scalable Vector Extension\r\n[    0.463372] CPU features: detected CPU0: Activity Monitors Unit (\u001b[1;44r\u001b[43;69H"]
[23.8979995,"o","\u001b[9;43r\u001b[43;1H\n\u001b[42;69HAMU)\r\n[    0.463372] CPU features: detected CPU4: Activity Monit\u001b[1;44r\u001b[43;59H"]
[23.898210000000002,"o","\u001b[9;43r\u001b[3S\u001b[40;59Hors Unit (AMU)\r\n[    0.463372] CPU features: detected CPU6: Activity Monitors Unit (AMU)\r\n[    0.463372] CPU features: detected CPU7: Activity Monitors Unit (AMU)\r\n[    0.463372] CPU features:\u001b[1;44r\u001b[43;29H"]
[23.909470000000002,"o","\u001b[9;43r\u001b[43;1H\n\u001b[42;29H detected CPU3: Activity Monitors Unit (AMU)\r\n[    0.463372] CPU\u001b[1;44r\u001b[43;19H"]
[23.909683500000003,"o","\u001b[9;43r\u001b[2S\u001b[41;19H features: detected CPU2: Activity Monitors Unit (AMU)\r\n[    0.463372] CPU features: detected CPU5: Activity Monitors Unit (AMU)\r\n[    0.463372] CPU features: detected CPU1: Activity Monitors \u001b[1;44r\u001b[43;63H"]
[23.920893500000002,"o","\u001b[9;43r\u001b[43;1H\n\u001b[42;63HUnit (AMU)\r\n[    0.516293] SVE: maximum available vector length \u001b[1;44r\u001b[43;53H"]
[23.921121000000003,"o","\u001b[9;43r\u001b[3S\u001b[40;53H16 bytes per vector\r\n[    0.522824] SVE: default vector length 16 bytes per vector\r\n[    0.528464] CPU: All CPU(s) started at EL2\r\n[    0.532669] alternatives: applying system-wide alternative\u001b[1;44r\u001b[43;62H"]
[23.9225615,"o","\u001b[9;43r\u001b[43;1H\n\u001b[42;62Hs\u001b[1;44r\u001b[43;1H"]
[23.925310500000002,"o","\u001b[9;43r\u001b[43;1H\n\u001b[A[    0.540441] devtmpfs: initialized\u001b[1;44r\u001b[43;1H"]
[23.935600500000003,"o","[    0.545183] clocksource: jiffies: mask: 0xffffffff max_cycles"]
[23.935751500000002,"o","\u001b[9;43r\u001b[2S\u001b[41;65H: 0xffffffff, max_idle_ns: 7645041785100000 ns\r\n[    0.555189] futex hash table entries: 2048 (order: 1, 131072 bytes, linear)\u001b[1;44r\u001b[43;1H"]
[23.937221500000003,"o","\u001b[9;43r\u001b[43;1H\n\u001b[A[    0.562381] pinctrl core: initialized pinctrl subsystem\u001b[1;44r\u001b[43;1H"]
[23.939199000000002,"o","\u001b[9;43r\u001b[43;1H\n\u001b[A[    0.567833] DMI not present or invalid.\u001b[1;44r\u001b[43;1H"]
[23.940732500000003,"o","[    0.571874] NET: Registered PF_NETLINK/PF_ROUTE protocol fami"]
[23.942318500000003,"o","\u001b[9;43r\u001b[43;1H\n\u001b[42;65Hly\u001b[1;44r\u001b[43;1H"]
[23.944545,"o","[    0.578311] DMA: preallocated 16384 KiB GFP_KERNEL pool for a"]
[23.946170000000002,"o","\u001b[9;43r\u001b[43;1H\n\u001b[42;65Htomic allocations\u001b[1;44r\u001b[43;1H"]
[23.9487895,"o","[    0.585994] DMA: preallocated 16384 KiB GFP_KERNEL|GFP_DMA po"]
[23.950400000000002,"o","\u001b[9;43r\u001b[43;1H\n\u001b[42;65Hol for atomic allocations\u001b[1;44r\u001b[43;1H"]
[23.955848500000002,"o","[    0.594399] DMA: preallocated 16384 KiB GFP_KERNEL|GFP_DMA32 "]
[23.955974500000004,"o","\u001b[9;43r\u001b[43;1H\n\u001b[42;65Hpool for atomic allocations\r\n[    0.602708] audit: initializing \u001b[1;44r\u001b[43;36H"]
[23.9574725,"o","\u001b[9;43r\u001b[43;1H\n\u001b[42;36Hnetlink subsys (disabled)\u001b[1;44r\u001b[43;1H"]
[23.967395000000003,"o","[    0.608329] audit: type=2000 audit(0.348:1): state=initialize"]
[23.9677605,"o","\u001b[9;43r\u001b[4S\u001b[39;65Hd audit_enabled=0 res=1\r\n[    0.608395] thermal_sys: Registered thermal governor 'step_wise'\r\n[    0.616309] cpuidle: using governor ladder\r\n[    0.626709] cpuidle: using governor menu\r\n[    0\u001b[1;44r\u001b[43;7H"]
[23.975482500000002,"o",".630758] hw-breakpoint: found 6 breakpoint and 4 watchpoint regi"]
[23.975622,"o","\u001b[9;43r\u001b[43;1H\n\u001b[42;71Hsters.\r\n[    0.637764] ASID allocator initialised with 65536 ent\u001b[1;44r\u001b[43;57H"]
[23.977130000000002,"o","\u001b[9;43r\u001b[2S\u001b[41;57Hries\r\n[    0.643324] Serial: AMBA PL011 UART driver\u001b[1;44r\u001b[43;1H"]
[23.984893500000002,"o","\u001b[9;43r\u001b[43;1H\n\u001b[A[    0.649787] printk: console [ramoops-1] enabled\r\n[    0.65447\u001b[1;44r\u001b[43;13H"]
[23.985057,"o","\u001b[9;43r\u001b[43;1H\n\u001b[42;13H7] pstore: Registered ramoops as persistent store backend\r\n[    \u001b[1;44r\u001b[43;6H"]
[23.986455000000003,"o","\u001b[9;43r\u001b[43;1H\n\u001b[42;6H0.660817] ramoops: using 0x1000000@0x3ff000000, ecc: 0\u001b[1;44r\u001b[43;1H"]
[23.9969965,"o","[    0.667084] 87e028000000.serial: ttyAMA0 at MMIO 0x87e0280000"]
[23.997278,"o","\u001b[9;43r\u001b[3S\u001b[40;65H00 (irq = 14, base_baud = 0) is a PL011 rev3\r\n[    0.676934] printk: console [ttyAMA0] enabled\r\n[    0.676934] printk: console [ttyAMA0] enabled\r\n[    0.685757] printk: bootconsole [pl11] disa\u001b[1;44r\u001b[43;47H"]
[24.000823500000003,"o","\u001b[9;43r\u001b[2S\u001b[41;47Hbled\r\n[    0.685757] printk: bootconsole [pl11] disabled\u001b[1;44r\u001b[43;1H"]
[24.004174000000003,"o","[    0.695263] 87e029000000.serial: ttyAMA1 at MMIO 0x87e0290000"]
[24.0058125,"o","\u001b[9;43r\u001b[43;1H\n\u001b[42;65H00 (irq = 15, base_baud = 0) is a PL011 rev3\u001b[1;44r\u001b[43;1H"]
[24.008968000000003,"o","[    0.704906] 87e02a000000.serial: ttyAMA2 at MMIO 0x87e02a0000"]
[24.01059,"o","\u001b[9;43r\u001b[43;1H\n\u001b[42;65H00 (irq = 16, base_baud = 0) is a PL011 rev3\u001b[1;44r\u001b[43;1H"]
[24.013773,"o","[    0.714542] 87e02b000000.serial: ttyAMA3 at MMIO 0x87e02b0000"]
[24.015393500000002,"o","\u001b[9;43r\u001b[43;1H\n\u001b[42;65H00 (irq = 17, base_baud = 0) is a PL011 rev3\u001b[1;44r\u001b[43;1H"]
[24.0186025,"o","[    0.724188] 87e02c000000.serial: ttyAMA4 at MMIO 0x87e02c0000"]
[24.020252000000003,"o","\u001b[9;43r\u001b[43;1H\n\u001b[42;65H00 (irq = 18, base_baud = 0) is a PL011 rev3\u001b[1;44r\u001b[43;1H"]
[24.023410000000002,"o","[    0.733821] 87e02d000000.serial: ttyAMA5 at MMIO 0x87e02d0000"]
[24.025076000000002,"o","\u001b[9;43r\u001b[43;1H\n\u001b[42;65H00 (irq = 19, base_baud = 0) is a PL011 rev3\u001b[1;44r\u001b[43;1H"]
[24.0282665,"o","[    0.743453] 87e02e000000.serial: ttyAMA6 at MMIO 0x87e02e0000"]
[24.029874000000003,"o","\u001b[9;43r\u001b[43;1H\n\u001b[42;65H00 (irq = 20, base_baud = 0) is a PL011 rev3\u001b[1;44r\u001b[43;1H"]
[24.033071500000002,"o","[    0.753093] 87e02f000000.serial: ttyAMA7 at MMIO 0x87e02f0000"]
[24.0346775,"o","\u001b[9;43r\u001b[43;1H\n\u001b[42;65H00 (irq = 21, base_baud = 0) is a PL011 rev3\u001b[1;44r\u001b[43;1H"]
[24.0377435,"o","[    0.762733] amba 87a004010000.etf0: Fixed dependency cycle(s)"]
[24.039346000000002,"o","\u001b[9;43r\u001b[43;1H\n\u001b[42;65H with /soc@0/ete0/out-ports/port/endpoint\u001b[1;44r\u001b[43;1H"]
[24.0424025,"o","[    0.772103] amba 87a004110000.etf1: Fixed dependency cycle(s)"]
[24.0440235,"o","\u001b[9;43r\u001b[43;1H\n\u001b[42;65H with /soc@0/ete1/out-ports/port/endpoint\r\n[\u001b[1;44r\u001b[43;2H"]
[24.05402,"o","    0.781472] amba 87a004210000.etf2: Fixed dependency cycle(s) "]
[24.054188500000002,"o","\u001b[9;43r\u001b[2S\u001b[41;66Hwith /soc@0/ete2/out-ports/port/endpoint\r\n[    0.790834] amba 87a004310000.etf3: Fixed dependency cycle(s) with /soc@0/ete3/out-ports/port/endpoint\r\n[    0.800204] amba 87a004410000.etf4: Fixe\u001b[1;44r\u001b[43;44H"]
[24.1311755,"o","\u001b[9;43r\u001b[14S\u001b[29;44Hd dependency cycle(s) with /soc@0/ete4/out-ports/port/endpoint\r\n[    0.809577] amba 87a004510000.etf5: Fixed dependency cycle(s) with /soc@0/ete5/out-ports/port/endpoint\r\n[    0.818945] amba 87a004610000.etf6: Fixed dependency cycle(s) with /soc@0/ete6/out-ports/port/endpoint\r\n[    0.828321] amba 87a004710000.etf7: Fixed dependency cycle(s) with /soc@0/ete7/out-ports/port/endpoint\r\n[    0.837672] platform 0.soc:st_funnel: Fixed dependency cycle(s) with /soc@0/etf7@87a004710000/out-ports/port/endpoint\r\n[    0.848278] platform 0.soc:st_funnel: Fixed dependency cycle(s) with /soc@0/etf6@87a004610000/out-ports/port/endpoint\r\n[    0.858885] platform 0.soc:st_funnel: Fixed dependency cycle(s) with /soc@0/etf5@87a004510000/out-ports/port/endpoint\r\n[    0.869492] platform 0.soc:st_funnel: Fixed dependency cycle(s) with /soc@0/etf4@87a004410000/out-ports/port/endpoint\r\n[    0.880097] platform 0.soc:st_funnel: Fixed dependency cycle(s) with /soc@0/etf3@87a004310000/out-ports/port/endpoint\r\n[    0.89"]
[24.1312175,"o","0703] platform 0.soc:st_funnel: Fixed dependency cycle(s) with /soc@0/etf2@87a004210000/out-ports/port/endpoint\r\n[    0.901308] platform 0.soc:st_funnel: Fixed dependency cycle(s) with /soc@0/etf1@87a004110000/out-ports/port/endpoint\r\n[    0.911913] platform 0.soc:st_funnel: Fixed dependency cycle(s) with /soc@0/etf0@87a004010000/out-ports/port/endpoint\r\n[    0.922544] amba 87a100050000.sh_etf: Fixed dependency cycle(s) with /soc@0/st_funnel/out-ports/port/endpoint\r\n[    0.932478] amba 87a100060000.sh_etr: Fixed dependency cycle(s) with /soc@0/sh_etf@87a100050000/out-ports/port/endpoint\u001b[1;44r\u001b[43;1H"]
[24.135869500000002,"o","[    0.945866] HugeTLB: registered 16.0 GiB page size, pre-alloc"]
[24.136136,"o","\u001b[9;43r\u001b[3S\u001b[40;65Hated 0 pages\r\n[    0.952653] HugeTLB: 0 KiB vmemmap can be freed for a 16.0 GiB page\r\n[    0.958915] HugeTLB: registered 512 MiB page size, pre-allocated 0 pages\r\n[    0.965611] HugeTLB: 0 KiB\u001b[1;44r\u001b[43;30H"]
[24.144105000000003,"o","\u001b[9;43r\u001b[43;1H\n\u001b[42;30H vmemmap can be freed for a 512 MiB page\r\n[    0.971784] HugeTLB\u001b[1;44r\u001b[43;23H"]
[24.1444015,"o","\u001b[9;43r\u001b[2S\u001b[41;23H: registered 2.00 MiB page size, pre-allocated 0 pages\r\n[    0.978566] HugeTLB: 0 KiB vmemmap can be freed for a 2.00 MiB page\u001b[1;44r\u001b[43;1H"]
[24.1479205,"o","\u001b[9;43r\u001b[43;1H\n\u001b[A[    0.985025] cryptd: max_cpu_qlen set to 1000\u001b[1;44r\u001b[43;1H"]
[24.184204500000003,"o","\u001b[9;43r\u001b[43;1H\n\u001b[A[    1.057324] raid6: neonx8   gen() 10816 MB/s\u001b[1;44r\u001b[43;1H"]
[24.234065,"o","\u001b[9;43r\u001b[43;1H\n\u001b[A[    1.129351] raid6: neonx4   gen() 10482 MB/s\u001b[1;44r\u001b[43;1H"]
[24.256177500000003,"o","\u001b[9;43r\u001b[43;1H\n\u001b[A[    1.201366] raid6: neonx2   gen()  9181 MB/s\u001b[1;44r\u001b[43;1H"]
[24.292220500000003,"o","\u001b[9;43r\u001b[43;1H\n\u001b[A[    1.273387] raid6: neonx1   gen()  7933 MB/s\u001b[1;44r\u001b[43;1H"]
[24.328226,"o","\u001b[9;43r\u001b[43;1H\n\u001b[A[    1.345474] raid6: int64x8  gen()  5367 MB/s\u001b[1;44r\u001b[43;1H"]
[24.3642785,"o","\u001b[9;43r\u001b[43;1H\n\u001b[A[    1.417473] raid6: int64x4  gen()  5208 MB/s\u001b[1;44r\u001b[43;1H"]
[24.400286,"o","\u001b[9;43r\u001b[43;1H\n\u001b[A[    1.489524] raid6: int64x2  gen()  4687 MB/s\u001b[1;44r\u001b[43;1H"]
[24.437383,"o","\u001b[9;43r\u001b[43;1H\n\u001b[A[    1.561480] raid6: int64x1  gen()  3779 MB/s\r\n[    1.565742] \u001b[1;44r\u001b[43;16H"]
[24.439003500000002,"o","\u001b[9;43r\u001b[43;1H\n\u001b[42;16Hraid6: using algorithm neonx8 gen() 10816 MB/s\u001b[1;44r\u001b[43;1H"]
[24.47522,"o","\u001b[9;43r\u001b[43;1H\n\u001b[A[    1.637496] raid6: .... xor() 8812 MB/s, rmw enabled\r\n[    1.\u001b[1;44r\u001b[43;8H"]
[24.476876,"o","\u001b[9;43r\u001b[43;1H\n\u001b[42;8H642456] raid6: using neon recovery algorithm\u001b[1;44r\u001b[43;1H"]
[24.4788335,"o","\u001b[9;43r\u001b[43;1H\n\u001b[A[    1.647160] ACPI: Interpreter disabled.\u001b[1;44r\u001b[43;1H"]
[24.484774,"o","\u001b[9;43r\u001b[43;1H\n\u001b[A[    1.651100] iommu: Default domain type: Translated \r\n[    1.6\u001b[1;44r\u001b[43;9H"]
[24.484910000000003,"o","\u001b[9;43r\u001b[43;1H\n\u001b[42;9H55971] iommu: DMA domain TLB invalidation policy: strict mode \u001b[1;44r\u001b[43;1H"]
[24.486384500000003,"o","\u001b[9;43r\u001b[43;1H\n\u001b[A[    1.662273] SCSI subsystem initialized\r\n[\u001b[1;44r\u001b[43;2H"]
[24.496002500000003,"o","\u001b[9;43r\u001b[43;1H\n\u001b[42;2H    1.666080] usbcore: registered new interface driver usbfs\r\n[ \u001b[1;44r\u001b[43;3H"]
[24.496162,"o","\u001b[9;43r\u001b[3S\u001b[40;3H   1.671567] usbcore: registered new interface driver hub\r\n[    1.676877] usbcore: registered new device driver usb\r\n[    1.681968] pps_core: LinuxPPS API ver. 1 registered\r\n[    1.686926] pps\u001b[1;44r\u001b[43;19H"]
[24.503352000000003,"o","_core: Software ver. 5.3.6 - Copyright 2005-2007 Rodolfo Giomett"]
[24.503519500000003,"o","\u001b[9;43r\u001b[43;1H\n\u001b[42;83Hi \u003cgiometti@linux.it\u003e\r\n[    1.696053] PTP clock support register\u001b[1;44r\u001b[43;42H"]
[24.505024000000002,"o","\u001b[9;43r\u001b[2S\u001b[41;42Hed\r\n[    1.700003] EDAC MC: Ver: 3.0.0\u001b[1;44r\u001b[43;1H"]
[24.507889000000002,"o","\u001b[9;43r\u001b[43;1H\n\u001b[A[    1.703396] vgaarb: loaded\r\n[    1.706158] clocksource: Switc\u001b[1;44r\u001b[43;34H"]
[24.509502,"o","\u001b[9;43r\u001b[43;1H\n\u001b[42;34Hhed to clocksource arch_sys_counter\u001b[1;44r\u001b[43;1H"]
[24.515211500000003,"o","\u001b[9;43r\u001b[43;1H\n\u001b[A[    1.712356] VFS: Disk quotas dquot_6.6.0\r\n[    1.716284] VFS:\u001b[1;44r\u001b[43;20H"]
[24.515355500000002,"o","\u001b[9;43r\u001b[43;1H\n\u001b[42;20H Dquot-cache hash table entries: 8192 (order 0, 65536 bytes)\r\n[ \u001b[1;44r\u001b[43;3H"]
[24.516839500000003,"o","\u001b[9;43r\u001b[43;1H\n\u001b[42;3H   1.723375] pnp: PnP ACPI: disabled\u001b[1;44r\u001b[43;1H"]
[24.519773500000003,"o","\u001b[9;43r\u001b[43;1H\n\u001b[A[    1.727916] NET: Registered PF_INET protocol family\u001b[1;44r\u001b[43;1H"]
[24.521915000000003,"o","[    1.732863] IP idents hash table entries: 262144 (order: 5, 2"]
[24.523528000000002,"o","\u001b[9;43r\u001b[43;1H\n\u001b[42;65H097152 bytes, linear)\u001b[1;44r\u001b[43;1H"]
[24.5350435,"o","[    1.743727] tcp_listen_portaddr_hash hash table entries: 8192"]
[24.535276500000002,"o","\u001b[9;43r\u001b[2S\u001b[41;65H (order: 1, 131072 bytes, linear)\r\n[    1.752358] Table-perturb hash table entries: 65536 (order: 2, 262144 bytes, linear)\r\n[    1.760099] TCP established hash table entries: 131072 (order: 4,\u001b[1;44r\u001b[43;69H"]
[24.537439000000003,"o","\u001b[9;43r\u001b[43;1H\n\u001b[42;69H 1048576 bytes, linear)\u001b[1;44r\u001b[43;1H"]
[24.539569500000002,"o","[    1.768283] TCP bind hash table entries: 65536 (order: 5, 209"]
[24.541159500000003,"o","\u001b[9;43r\u001b[43;1H\n\u001b[42;65H7152 bytes, linear)\u001b[1;44r\u001b[43;1H"]
[24.551012500000002,"o","[    1.775955] TCP: Hash tables configured (established 131072 b"]
[24.551212000000003,"o","\u001b[9;43r\u001b[3S\u001b[40;65Hind 65536)\r\n[    1.782594] UDP hash table entries: 8192 (order: 2, 262144 bytes, linear)\r\n[    1.789399] UDP-Lite hash table entries: 8192 (order: 2, 262144 bytes, linear)\r\n[    1.796661] NET:\u001b[1;44r\u001b[43;20H"]
[24.554510500000003,"o","\u001b[9;43r\u001b[43;1H\n\u001b[42;20H Registered PF_UNIX/PF_LOCAL protocol family\u001b[1;44r\u001b[43;1H"]
[24.633201000000003,"o","\u001b[9;43r\u001b[21S\u001b[22d[    1.802382] RPC: Registered named UNIX socket transport module.\r\n[    1.808299] RPC: Registered udp transport module.\r\n[    1.812995] RPC: Registered tcp transport module.\r\n[    1.817693] RPC: Registered tcp NFSv4.1 backchannel transport module.\r\n[    1.824234] PCI: CLS 0 bytes, default 64\r\n[    1.828507] hw perfevents: enabled with armv8_pmuv3 PMU driver, 7 counters available\r\n[    1.836323] kvm [1]: IPA Size Limit: 48 bits\r\n[    1.840594] kvm [1]: GICv4 support disabled\r\n[    1.844771] kvm [1]: GICv3: no GICV resource entry\r\n[    1.849557] kvm [1]: disabling GICv2 emulation\r\n[    1.853997] kvm [1]: GIC system register CPU interface enabled\r\n[    1.859867] kvm [1]: vgic interrupt IRQ9\r\n[    1.863837] kvm [1]: VHE mode initialized successfully\r\n[    1.869210] Initialise system trusted keyrings\r\n[    1.873673] workingset: timestamp_bits=44 max_order=18 bucket_order=0\r\n[    1.881413] squashfs: version 4.0 (2009/01/31) Phillip Lougher\r\n[    1.887329] NFS: Registering the id_resolver key type\r"]
[24.633244,"o","\n[    1.892378] Key type id_resolver registered\r\n[    1.896555] Key type id_legacy registered\r\n[    1.900574] nfs4filelayout_init: NFSv4 File Layout Driver Registering...\r\n[    1.907270] nfs4flexfilelayout_init: NFSv4 Flexfile Layout Driver Registering...\r\n[    1.914684] jffs2: version 2.2. (NAND) ©\r\u001b[3S\u001b[40;44H 2001-2006 Red Hat, Inc.\r\n[    1.920839] SGI XFS with security attributes, no debug enabled\r\n[    1.926893] 9p: Installing v9fs 9p2000 file system support\u001b[1;44r\u001b[43;1H\u001b[9;43r\u001b[2S\u001b[41d[    1.945967] NET: Registered PF_ALG protocol family\r\n[    1.950755] xor: measuring software checksum speed"]
[24.634509,"o","\u001b[1;44r\u001b[43;1H\u001b[9;43r\u001b[43;1H\n\u001b[A[    1.956098]    8regs           : 17648 MB/sec\u001b[1;44r\u001b[43;1H"]
[24.635945500000002,"o","\u001b[9;43r\u001b[43;1H\n\u001b[A[    1.961035]    32regs          : 17204 MB/sec\u001b[1;44r\u001b[43;1H"]
[24.646041500000003,"o","\u001b[9;43r\u001b[43;1H\n\u001b[A[    1.965836]    arm64_neon      : 22701 MB/sec\r\n[    1.970187]\u001b[1;44r\u001b[43;15H"]
[24.6461395,"o","\u001b[9;43r\u001b[3S\u001b[40;15H xor: using function: arm64_neon (22701 MB/sec)\r\n[    1.975670] async_tx: api initialized (async)\r\n[    1.980022] Key type asymmetric registered\r\n[    1.984112] Asymmetric key parser 'x509' re\u001b[1;44r\u001b[43;47H"]
[24.654294,"o","\u001b[9;43r\u001b[43;1H\n\u001b[42;47Hgistered\r\n[    1.988995] Block layer SCSI generic (bsg) driver v\u001b[1;44r\u001b[43;55H"]
[24.654573000000003,"o","\u001b[9;43r\u001b[2S\u001b[41;55Hersion 0.4 loaded (major 245)\r\n[    1.996407] io scheduler mq-deadline registered\r\n[    2.000932] io scheduler kyber registered\u001b[1;44r\u001b[43;1H"]
[24.669704000000003,"o","\u001b[9;43r\u001b[43;1H\n\u001b[1;44r\u001b[43;1H"]
[24.6698075,"o","\u001b[9;43r\u001b[2S\u001b[41d[    2.005466] pci-host-generic 878000000000.pci: host bridge /soc@0/pci@878000000000 ranges:\r\n[    2.013742] pci-host-generic 878000000000.pci:      MEM 0x802000000000..0x80f0008fffff -\u003e 0x802000000000\r\n[    2.023221] pci-host-generic 878000000000.pci:   \u001b[1;44r\u001b[43;53H"]
[24.6770175,"o","\u001b[9;43r\u001b[43;1H\n\u001b[42;53H   MEM 0x828000000000..0x8281001fffff -\u003e 0x828000000000\r\n[    2.\u001b[1;44r\u001b[43;8H"]
[24.677205,"o","\u001b[9;43r\u001b[43;1H\n\u001b[42;8H032699] pci-host-generic 878000000000.pci:      MEM 0x82c000000000..0x82c0001fffff -\u003e 0x82c000000000\r\n[    2.042176] pci-host-generic 878000000000.pci:      MEM 0x86d000000000..0x86d0000fffff \u001b[1;44r\u001b[43;91H"]
[24.6880345,"o","\u001b[9;43r\u001b[43;1H\n\u001b[42;91H-\u003e 0x86d000000000\r\n[    2.051652] pci-host-generic 878000000000.\u001b[1;44r\u001b[43;46H"]
[24.688241,"o","\u001b[9;43r\u001b[2S\u001b[41;46Hpci:      MEM 0x86e000000000..0x86e22fffffff -\u003e 0x86e000000000\r\n[    2.061129] pci-host-generic 878000000000.pci:      MEM 0x87e002000000..0x87e027ffffff -\u003e 0x87e002000000\r\n[    2.070606] pci-\u001b[1;44r\u001b[43;20H"]
[24.6990565,"o","host-generic 878000000000.pci:      MEM 0x87e03c000000..0x87e054"]
[24.6992705,"o","\u001b[9;43r\u001b[2S\u001b[41;84H5fffff -\u003e 0x87e03c000000\r\n[    2.080083] pci-host-generic 878000000000.pci:      MEM 0x87e087000000..0x87e0fcffffff -\u003e 0x87e087000000\r\n[    2.089559] pci-host-generic 878000000000.pci:      ME\u001b[1;44r\u001b[43;58H"]
[24.710568000000002,"o","\u001b[9;43r\u001b[43;1H\n\u001b[42;58HM 0x87e080000000..0x87e080ffffff -\u003e 0x87e080000000\r\n[    2.09903\u001b[1;44r\u001b[43;13H"]
[24.7107445,"o","\u001b[9;43r\u001b[43;1H\n\u001b[42;13H4] pci-host-generic 878000000000.pci:      MEM 0x87e100000000..0x87e10bffffff -\u003e 0x87e100000000\r\n[    2.108515] pci-host-generic 878000000000.pci: Memory resource size exceeds max for 32 bits\u001b[1;44r\u001b[43;1H"]
[24.7185525,"o","\u001b[9;43r\u001b[43;1H\n[    2.116861] pci-host-generic 878000000000.pci: Memory resour\u001b[1;44r\u001b[43;64H"]
[24.718690000000002,"o","\u001b[9;43r\u001b[43;1H\n\u001b[42;64Hce size exceeds max for 32 bits\r\n[    2.125207] pci-host-generic 878000000000.pci: Memory resource size exceeds max for 32 bits\u001b[1;44r\u001b[43;1H"]
[24.7201795,"o","\u001b[9;43r\u001b[43;1H\n\u001b[1;44r\u001b[43;1H"]
[24.735347,"o","\u001b[8d───────────────────────────────────────────────────────────────────────────────────────────────\u001b[32m─────────────────────────────────────────────────────────────────────────────────────────────\u001b[?25l\u001b(B\u001b[m\u001b[1;1H ____   ___    _    ____  ____        _   _   _    ____ _____ \u001b[K\r\n| __ ) / _ \\  / \\  |  _ \\|  _ \\      | | | | / \\  |  _ \\_   _|\u001b[K\r\n|  _ \\| | | |/ _ \\ | |_) | | | |_____| | | |/ _ \\ | |_) || |  \u001b[K\r\n| |_) | |_| / ___ \\|  _ \u003c| |_| |_____| |_| / ___ \\|  _ \u003c | |  \u001b[K\r\n|____/ \\___/_/   \\_\\_| \\_\\____/       \\___/_/   \\_\\_| \\_\\|_|  \u001b[K\r\n                                                              \u001b[K\r\nroot@cavium-SYS-6018R-BM24:~# \u001b"]
[24.7353875,"o","[K\u001b[9;1H[    1.887329] NFS: Registering the id_resolver key type\u001b[K\r\n[    1.892378] Key type id_resolver registered\u001b[K\r\n[    1.896555] Key type id_legacy registered\u001b[K\r\n[    1.900574] nfs4filelayout_init: NFSv4 File Layout Driver Registering...\u001b[K\r\n[    1.907270] nfs4flexfilelayout_init: NFSv4 Flexfile Layout Driver Registering...\u001b[K\r\n[    1.914684] jffs2: version 2.2. (NAND) © 2001-2006 Red Hat, Inc.\u001b[K\r\n[    1.920839] SGI XFS with security attributes, no debug enabled\u001b[K\r\n[    1.926893] 9p: Installing v9fs 9p2000 file system support\u001b[K\r\n[    1.945967] NET: Registered PF_ALG protocol family\u001b[K\r\n[    1.950755] xor: measuring software checksum speed\u001b[K\r\n[    1.956098]    8regs           : 17648 MB/sec\u001b[K\r\n[    1.961035]    32regs          : 17204 MB/sec\u001b[K\r\n[    1.965836]    arm64_neon      : 22701 MB/sec\u001b[K\r\n[    1.970187] xor: using function: arm64_neon (22701 MB/sec)\u001b[K\r\n[    1.975670] async_tx: api initialized (async)\u001b[K\r\n[    1.980022] Key type asymmetric registered\u001b[K\r\n[    1.984112] Asymmetric key pars"]
[24.735460000000003,"o","er 'x509' registered\u001b[K\r\n[    1.988995] Block layer SCSI generic (bsg) driver version 0.4 loaded (major 245)\u001b[K\r\n[    1.996407] io scheduler mq-deadline registered\u001b[K\r\n[    2.000932] io scheduler kyber registered\u001b[K\r\n[    2.005466] pci-host-generic 878000000000.pci: host bridge /soc@0/pci@878000000000 ranges:\u001b[K\r\n[    2.013742] pci-host-generic 878000000000.pci:      MEM 0x802000000000..0x80f0008fffff -\u003e 0x802000000000\u001b[K\r\n[    2.023221] pci-host-generic 878000000000.pci:      MEM 0x828000000000..0x8281001fffff -\u003e 0x828000000000\u001b[K\r\n[    2.032699] pci-host-generic 878000000000.pci:      MEM 0x82c000000000..0x82c0001fffff -\u003e 0x82c000000000\u001b[K\r\n[    2.042176] pci-host-generic 878000000000.pci:      MEM 0x86d000000000..0x86d0000fffff -\u003e 0x86d000000000\u001b[K\r\n[    2.051652] pci-host-generic 878000000000.pci:      MEM 0x86e000000000..0x86e22fffffff -\u003e 0x86e000000000\u001b[K\r\n[    2.061129] pci-host-generic 878000000000.pci:      MEM 0x87e002000000..0x87e027ffffff -\u003e 0x87e002000000\u001b[K\r\n[    2.070606] pci-host-generic 87800"]
[24.735531,"o","0000000.pci:      MEM 0x87e03c000000..0x87e0545fffff -\u003e 0x87e03c000000\u001b[K\r\n[    2.080083] pci-host-generic 878000000000.pci:      MEM 0x87e087000000..0x87e0fcffffff -\u003e 0x87e087000000\u001b[K\r\n[    2.089559] pci-host-generic 878000000000.pci:      MEM 0x87e080000000..0x87e080ffffff -\u003e 0x87e080000000\u001b[K\r\n[    2.099034] pci-host-generic 878000000000.pci:      MEM 0x87e100000000..0x87e10bffffff -\u003e 0x87e100000000\u001b[K\r\n[    2.108515] pci-host-generic 878000000000.pci: Memory resource size exceeds max for 32 bits\u001b[K\r\n[    2.116861] pci-host-generic 878000000000.pci: Memory resource size exceeds max for 32 bits\u001b[K\r\n[    2.125207] pci-host-generic 878000000000.pci: Memory resource size exceeds max for 32 bits\u001b[K\r\n\u001b[K\u001b[37m\u001b[40m\r\n                                                        1:Board-Telnet* 2:Board-ssh- 3:Host  4:bash  5:bash  6:bash  7:bash  8:bash                                                         \u001b(B\u001b[m\u001b[43;1H\u001b[?12l\u001b[?25h\u001b[9;43r\u001b[3S\u001b[40d[    2.133673] pci-host-generic 878000000000.pci: ECAM at [mem 0x8780000"]
[24.735582,"o","00000-0x87800fffffff] for [bus 00-ff]\r\n[    2.143344] pci-host-generic 878000000000.pci: PCI host bridge to bus 0000:00\r\n[    2.150476] pci_bus 0000:00: root bus resource [bus 00-ff]\u001b[1;44r\u001b[43;1H"]
[24.740896000000003,"o","[    2.155956] pci_bus 0000:00: root bus resource [mem 0x8020000"]
[24.741353,"o","\u001b[9;43r\u001b[2S\u001b[41;65H00000-0x80f0008fffff]\r\n[    2.163520] pci_bus 0000:00: root bus resource [mem 0x828000000000-0x8281001fffff]\r\n[    2.171083] pci_bus 0000:00: root bus resource [mem 0x82c000000000-0x82c0001fff\u001b[1;44r\u001b[43;83H"]
[24.751965000000002,"o","\u001b[9;43r\u001b[43;1H\n\u001b[42;83Hff]\r\n[    2.178648] pci_bus 0000:00: root bus resource [mem 0x86\u001b[1;44r\u001b[43;60H"]
[24.752242000000003,"o","\u001b[9;43r\u001b[2S\u001b[41;60Hd000000000-0x86d0000fffff]\r\n[    2.186212] pci_bus 0000:00: root bus resource [mem 0x86e000000000-0x86e22fffffff]\r\n[    2.193775] pci_bus 0000:00: root bus resource [mem 0x87e002000000-0x87e02\u001b[1;44r\u001b[43;78H"]
[24.7635375,"o","\u001b[9;43r\u001b[43;1H\n\u001b[42;78H7ffffff]\r\n[    2.201339] pci_bus 0000:00: root bus resource [mem\u001b[1;44r\u001b[43;55H"]
[24.763766,"o","\u001b[9;43r\u001b[2S\u001b[41;55H 0x87e03c000000-0x87e0545fffff]\r\n[    2.208904] pci_bus 0000:00: root bus resource [mem 0x87e087000000-0x87e0fcffffff]\r\n[    2.216467] pci_bus 0000:00: root bus resource [mem 0x87e080000000-0x\u001b[1;44r\u001b[43;73H"]
[24.770614000000002,"o","\u001b[9;43r\u001b[43;1H\n\u001b[42;73H87e080ffffff]\r\n[    2.224031] pci_bus 0000:00: root bus resource\u001b[1;44r\u001b[43;50H"]
[24.770773000000002,"o","\u001b[9;43r\u001b[43;1H\n\u001b[42;50H [mem 0x87e100000000-0x87e10bffffff]\r\n[    2.231638] pci 0000:00\u001b[1;44r\u001b[43;27H"]
[24.772216,"o","\u001b[9;43r\u001b[43;1H\n\u001b[42;27H:01.0: [177d:a002] type 01 class 0x060401\u001b[1;44r\u001b[43;1H"]
[24.7820295,"o","[    2.237740] pci 0000:00:03.0: [177d:a062] type 00 class 0x088"]
[24.7821895,"o","\u001b[9;43r\u001b[2S\u001b[41;65H000\r\n[    2.243771] pci 0000:00:03.0: BAR 0: [mem 0x830000000000-0x8300001fffff 64bit] (from Enhanced Allocation, properties 0x0)\r\n[    2.254785] pci 0000:00:05.0: [177d:a017] type 00 class 0x\u001b[1;44r\u001b[43;62H"]
[24.793036,"o","\u001b[9;43r\u001b[43;1H\n\u001b[42;62H088000\r\n[    2.260805] pci 0000:00:05.0: BAR 0: [mem 0x802000000\u001b[1;44r\u001b[43;57H"]
[24.793270000000003,"o","\u001b[9;43r\u001b[43;1H\n\u001b[42;57H000-0x8020000fffff 64bit] (from Enhanced Allocation, properties 0x0)\r\n[    2.271760] pci 0000:00:05.0: BAR 4: [mem 0x80200f000000-0x80200f0fffff 64bit] (from Enhanced Allocation, properties 0x\u001b[1;44r\u001b[43;123H"]
[24.7946765,"o","\u001b[9;43r\u001b[43;1H\n\u001b[42;123H0)\r\n[\u001b[1;44r\u001b[43;2H"]
[24.804521500000003,"o","    2.282775] pci 0000:00:08.0: [177d:a09e] type 00 class 0x0880"]
[24.8047755,"o","\u001b[9;43r\u001b[2S\u001b[41;66H00\r\n[    2.288792] pci 0000:00:08.0: BAR 0: [mem 0x807000000000-0x80700000ffff 64bit] (from Enhanced Allocation, properties 0x0)\r\n[    2.299746] pci 0000:00:08.0: BAR 4: [mem 0x807000f00000-0x\u001b[1;44r\u001b[43;63H"]
[24.815558000000003,"o","\u001b[9;43r\u001b[43;1H\n\u001b[42;63H807000ffffff 64bit] (from Enhanced Allocation, properties 0x0)\u001b[1;44r\u001b[43;1H"]
[24.8157715,"o","\u001b[9;43r\u001b[43;1H\n\u001b[A[    2.310745] pci 0000:00:0a.0: [177d:a09d] type 00 class 0x088000\r\n[    2.316762] pci 0000:00:0a.0: BAR 0: [mem 0x87a400000000-0x87a47fffffff 64bit] (from Enhanced Allocation, properties 0x0\u001b[1;44r\u001b[43;124H"]
[24.827013,"o","\u001b[9;43r\u001b[43;1H\n\u001b[42;124H)\r\n[    2.327715] pci 0000:00:0a.0: BAR 4: [mem 0x87a480000000-0\u001b[1;44r\u001b[43;62H"]
[24.827180000000002,"o","\u001b[9;43r\u001b[2S\u001b[41;62Hx87a4ffffffff 64bit] (from Enhanced Allocation, properties 0x0)\r\n[    2.338719] pci 0000:00:0c.0: [177d:a002] type 01 class 0x060401\r\n[    2.344768] pci 0000:00:0d.0: [177d:a002] type 01 class\u001b[1;44r\u001b[43;59H"]
[24.833186,"o","\u001b[9;43r\u001b[43;1H\n\u001b[42;59H 0x060401\r\n[    2.350816] pci 0000:00:0e.0: [177d:a002] type 01 \u001b[1;44r\u001b[43;54H\u001b[9;43r\u001b[43;1H\n\u001b[42;54Hclass 0x060401\r\n[    2.356859] pci 0000:00:0f.0: [177d:a002] typ"]
[24.833218000000002,"o","\u001b[1;44r\u001b[43;49H"]
[24.834799,"o","\u001b[9;43r\u001b[43;1H\n\u001b[42;49He 01 class 0x060401\r\n[\u001b[1;44r\u001b[43;2H"]
[24.8445655,"o","    2.362924] pci 0000:00:11.0: [177d:a00a] type 00 class 0x0880"]
[24.844826500000003,"o","\u001b[9;43r\u001b[2S\u001b[41;66H00\r\n[    2.368940] pci 0000:00:11.0: BAR 0: [mem 0x803000000000-0x80300000ffff 64bit] (from Enhanced Allocation, properties 0x0)\r\n[    2.379896] pci 0000:00:11.0: BAR 4: [mem 0x803000f00000-0x\u001b[1;44r\u001b[43;63H"]
[24.85018,"o","\u001b[9;43r\u001b[43;1H\n\u001b[42;63H803000ffffff 64bit] (from Enhanced Allocation, properties 0x0)\u001b[1;44r\u001b[43;1H"]
[24.850503000000003,"o","[    2.390923] pci 0000:00:14.0: [177d:a002] type 01 class 0x060"]
[24.851901,"o","\u001b[9;43r\u001b[43;1H\n\u001b[42;65H401\u001b[1;44r\u001b[43;1H"]
[24.861595,"o","[    2.397051] pci 0000:00:1a.0: [177d:a068] type 00 class 0x088\u001b[9;43r\u001b[2S\u001b[41;65H000\r\n[    2.403065] pci 0000:00:1a.0: BAR 0: [mem 0x86d000000000-0x86d0000fffff 64bit] (from Enhanced Allocation, properties 0x0)\r\n[    2.414070] pci 0000:00:1c.0: [177d:a067] type 00 class 0x"]
[24.8616275,"o","\u001b[1;44r\u001b[43;62H"]
[24.873016000000003,"o","\u001b[9;43r\u001b[43;1H\n\u001b[42;62H088000\r\n[    2.420089] pci 0000:00:1c.0: BAR 0: [mem 0x82c000000\u001b[1;44r\u001b[43;57H"]
[24.873145500000003,"o","\u001b[9;43r\u001b[43;1H\n\u001b[42;57H000-0x82c0000fffff 64bit] (from Enhanced Allocation, properties 0x0)\r\n[    2.431041] pci 0000:00:1c.0: BAR 4: [mem 0x82c000100000-0x82c0001fffff 64bit] (from Enhanced Allocation, properties 0x\u001b[1;44r\u001b[43;123H"]
[24.884021500000003,"o","\u001b[9;43r\u001b[43;1H\n\u001b[42;123H0)\r\n[    2.442035] pci 0000:00:1d.0: [177d:a067] type 00 class 0\u001b[1;44r\u001b[43;61H"]
[24.884263500000003,"o","\u001b[9;43r\u001b[2S\u001b[41;61Hx088000\r\n[    2.448050] pci 0000:00:1d.0: BAR 0: [mem 0x82d000000000-0x82d0000fffff 64bit] (from Enhanced Allocation, properties 0x0)\r\n[    2.459002] pci 0000:00:1d.0: BAR 4: [mem 0x82d0001000\u001b[1;44r\u001b[43;58H"]
[24.8950175,"o","00-0x82d0001fffff 64bit] (from Enhanced Allocation, properties 0"]
[24.895163,"o","\u001b[9;43r\u001b[2S\u001b[41;122Hx0)\r\n[    2.469993] pci 0000:00:1e.0: [177d:a067] type 00 class 0x088000\r\n[    2.476008] pci 0000:00:1e.0: BAR 0: [mem 0x82e000000000-0x82e0000fffff 64bit] (from Enhanced Allocation, propertie\u001b[1;44r\u001b[43;119H"]
[24.900728,"o","\u001b[9;43r\u001b[43;1H\n\u001b[42;119Hs 0x0)\r\n[    2.486963] pci 0000:00:1e.0: BAR 4: [mem 0x82e000100\u001b[1;44r\u001b[43;57H"]
[24.900808,"o","000-0x82e0001fffff 64bit] (from Enhanced Allocation, properties "]
[24.9023155,"o","\u001b[9;43r\u001b[43;1H\n\u001b[42;121H0x0)\u001b[1;44r\u001b[43;1H"]
[24.912001500000002,"o","[    2.497998] pci 0000:01:00.0: [177d:a075] type 00 class 0x088"]
[24.9122175,"o","\u001b[9;43r\u001b[2S\u001b[41;65H000\r\n[    2.504017] pci 0000:01:00.0: BAR 0: [mem 0x87e0fc000000-0x87e0fc03ffff 64bit] (from Enhanced Allocation, properties 0x0)\r\n[    2.514969] pci 0000:01:00.0: BAR 4: [mem 0x87e0fcf00000-0\u001b[1;44r\u001b[43;62H"]
[24.923029500000002,"o","x87e0fcffffff 64bit] (from Enhanced Allocation, properties 0x0)\r"]
[24.923209000000003,"o","\u001b[9;43r\u001b[2S\u001b[42d[    2.525971] pci 0000:01:01.3: [177d:a02b] type 00 class 0x0c8000\r\n[    2.531986] pci 0000:01:01.3: BAR 0: [mem 0x87e005000000-0x87e0050fffff 64bit] (from Enhanced Allocation, properties 0x\u001b[1;44r\u001b[43;123H"]
[24.934567500000004,"o","\u001b[9;43r\u001b[43;1H\n\u001b[42;123H0)\r\n[    2.542982] pci 0000:01:01.7: [177d:a035] type 00 class 0\u001b[1;44r\u001b[43;61H"]
[24.9347785,"o","\u001b[9;43r\u001b[2S\u001b[41;61Hx088000\r\n[    2.548998] pci 0000:01:01.7: BAR 0: [mem 0x87e001000000-0x87e0010fffff 64bit] (from Enhanced Allocation, properties 0x0)\r\n[    2.559950] pci 0000:01:01.7: BAR 2: [mem 0x8000000000\u001b[1;44r\u001b[43;58H"]
[24.945529,"o","00-0x8000ffffffff 64bit] (from Enhanced Allocation, properties 0"]
[24.9457875,"o","\u001b[9;43r\u001b[2S\u001b[41;122Hx0)\r\n[    2.570901] pci 0000:01:01.7: BAR 4: [mem 0x87e001f00000-0x87e001ffffff 64bit] (from Enhanced Allocation, properties 0x0)\r\n[    2.581898] pci 0000:01:0a.0: [177d:a094] type 00 class 0x\u001b[1;44r\u001b[43;62H"]
[24.956561500000003,"o","\u001b[9;43r\u001b[43;1H\n\u001b[42;62H088000\r\n[    2.587914] pci 0000:01:0a.0: BAR 0: [mem 0x87e120000\u001b[1;44r\u001b[43;57H"]
[24.956715000000003,"o","\u001b[9;43r\u001b[43;1H\n\u001b[42;57H000-0x87e1200fffff 64bit] (from Enhanced Allocation, properties 0x0)\r\n[    2.598866] pci 0000:01:0a.0: BAR 4: [mem 0x87e120f00000-0x87e120ffffff 64bit] (from Enhanced Allocation, properties 0x\u001b[1;44r\u001b[43;123H"]
[24.968058000000003,"o","\u001b[9;43r\u001b[43;1H\n\u001b[42;123H0)\r\n[    2.609861] pci 0000:01:0a.1: [177d:a094] type 00 class 0\u001b[1;44r\u001b[43;61H"]
[24.968234000000002,"o","\u001b[9;43r\u001b[2S\u001b[41;61Hx088000\r\n[    2.615879] pci 0000:01:0a.1: BAR 0: [mem 0x87e121000000-0x87e1210fffff 64bit] (from Enhanced Allocation, properties 0x0)\r\n[    2.626831] pci 0000:01:0a.1: BAR 4: [mem 0x87e121f000\u001b[1;44r\u001b[43;58H"]
[24.9790205,"o","00-0x87e121ffffff 64bit] (from Enhanced Allocation, properties 0"]
[24.979198500000003,"o","\u001b[9;43r\u001b[2S\u001b[41;122Hx0)\r\n[    2.637828] pci 0000:01:0c.0: [177d:a073] type 00 class 0x088000\r\n[    2.643842] pci 0000:01:0c.0: BAR 0: [mem 0x87e010000000-0x87e0100fffff 64bit] (from Enhanced Allocation, propertie\u001b[1;44r\u001b[43;119H"]
[24.9900635,"o","\u001b[9;43r\u001b[43;1H\n\u001b[42;119Hs 0x0)\r\n[    2.654796] pci 0000:01:0c.0: BAR 2: [mem 0x87e1bf000\u001b[1;44r\u001b[43;57H"]
[24.990255,"o","\u001b[9;43r\u001b[43;1H\n\u001b[42;57H000-0x87e1bfffffff 64bit] (from Enhanced Allocation, properties 0x0)\r\n[    2.665747] pci 0000:01:0c.0: BAR 4: [mem 0x87e010100000-0x87e0101fffff 64bit] (from Enhanced Allocation, properties 0x\u001b[1;44r\u001b[43;123H"]
[25.0015615,"o","\u001b[9;43r\u001b[43;1H\n\u001b[42;123H0)\r\n[    2.676749] pci 0000:01:0f.0: [177d:a061] type 00 class 0\u001b[1;44r\u001b[43;61H"]
[25.0016865,"o","\u001b[9;43r\u001b[2S\u001b[41;61Hx088000\r\n[    2.682767] pci 0000:01:0f.0: BAR 0: [mem 0x87e018000000-0x87e01800ffff 64bit] (from Enhanced Allocation, properties 0x0)\r\n[    2.693758] pci 0000:01:10.2: [177d:a09f] type 00 clas\u001b[1;44r\u001b[43;58H"]
[25.012598,"o","\u001b[9;43r\u001b[43;1H\n\u001b[42;58Hs 0x028000\r\n[    2.699778] pci 0000:01:10.2: BAR 0: [mem 0x87e0e\u001b[1;44r\u001b[43;53H"]
[25.012723500000003,"o","\u001b[9;43r\u001b[43;1H\n\u001b[42;53H2000000-0x87e0e27fffff 64bit] (from Enhanced Allocation, properties 0x0)\r\n[    2.710730] pci 0000:01:10.2: BAR 4: [mem 0x87e0e2800000-0x87e0e2ffffff 64bit] (from Enhanced Allocation, propertie\u001b[1;44r\u001b[43;119H"]
[25.0235765,"o","\u001b[9;43r\u001b[43;1H\n\u001b[42;119Hs 0x0)\r\n[    2.721727] pci 0000:01:14.0: [177d:a097] type 00 cla\u001b[1;44r\u001b[43;57H"]
[25.023731,"o","\u001b[9;43r\u001b[2S\u001b[41;57Hss 0x088000\r\n[    2.727741] pci 0000:01:14.0: BAR 0: [mem 0x87e140000000-0x87e1400fffff 64bit] (from Enhanced Allocation, properties 0x0)\r\n[    2.738736] pci 0000:01:14.1: [177d:a097] type 00 \u001b[1;44r\u001b[43;54H"]
[25.0350895,"o","\u001b[9;43r\u001b[43;1H\n\u001b[42;54Hclass 0x088000\r\n[    2.744753] pci 0000:01:14.1: BAR 0: [mem 0x8\u001b[1;44r\u001b[43;49H"]
[25.035243500000004,"o","\u001b[9;43r\u001b[2S\u001b[41;49H7e141000000-0x87e1410fffff 64bit] (from Enhanced Allocation, properties 0x0)\r\n[    2.755746] pci 0000:01:14.2: [177d:a097] type 00 class 0x088000\r\n[    2.761760] pci 0000:01:14.2: BAR 0: [mem \u001b[1;44r\u001b[43;46H"]
[25.046062000000003,"o","0x87e142000000-0x87e1420fffff 64bit] (from Enhanced Allocation, "]
[25.046310000000002,"o","\u001b[9;43r\u001b[2S\u001b[41;110Hproperties 0x0)\r\n[    2.772752] pci 0000:01:18.0: [177d:a012] type 00 class 0x0c8000\r\n[    2.778773] pci 0000:01:18.0: BAR 0: [mem 0x87e100000000-0x87e10000ffff 64bit] (from Enhanced Allocatio\u001b[1;44r\u001b[43;107H"]
[25.137235,"o","\u001b[9;43r\u001b[17S\u001b[26;107Hn, properties 0x0)\r\n[    2.789725] pci 0000:01:18.0: BAR 4: [mem 0x87e100f00000-0x87e100ffffff 64bit] (from Enhanced Allocation, properties 0x0)\r\n[    2.800731] pci 0000:01:18.1: [177d:a012] type 00 class 0x0c8000\r\n[    2.806751] pci 0000:01:18.1: BAR 0: [mem 0x87e101000000-0x87e10100ffff 64bit] (from Enhanced Allocation, properties 0x0)\r\n[    2.817704] pci 0000:01:18.1: BAR 4: [mem 0x87e101f00000-0x87e101ffffff 64bit] (from Enhanced Allocation, properties 0x0)\r\n[    2.828703] pci 0000:01:18.2: [177d:a012] type 00 class 0x0c8000\r\n[    2.834718] pci 0000:01:18.2: BAR 0: [mem 0x87e102000000-0x87e10200ffff 64bit] (from Enhanced Allocation, properties 0x0)\r\n[    2.845672] pci 0000:01:18.2: BAR 4: [mem 0x87e102f00000-0x87e102ffffff 64bit] (from Enhanced Allocation, properties 0x0)\r\n[    2.856673] pci 0000:01:18.3: [177d:a012] type 00 class 0x0c8000\r\n[    2.862687] pci 0000:01:18.3: BAR 0: [mem 0x87e103000000-0x87e10300ffff 64bit] (from Enhanced Allocation, properties 0x0)\r\n[    2.873640] pci 0"]
[25.137277,"o","000:01:18.3: BAR 4: [mem 0x87e103f00000-0x87e103ffffff 64bit] (from Enhanced Allocation, properties 0x0)\r\n[    2.884637] pci 0000:01:18.4: [177d:a012] type 00 class 0x0c8000\r\n[    2.890652] pci 0000:01:18.4: BAR 0: [mem 0x87e104000000-0x87e10400ffff 64bit] (from Enhanced Allocation, properties 0x0)\r\n[    2.901606] pci 0000:01:18.4: BAR 4: [mem 0x87e104f00000-0x87e104ffffff 64bit] (from Enhanced Allocation, properties 0x0)\r\n[    2.912611] pci 0000:01:18.5: [177d:a012] type 00 class 0x0c8000\r\n[    2.918632] pci 0000:01:18.5: BAR 0: [mem 0x87e105000000-0x87e10500ffff 64bit] (from Enhanced Allocation, properties 0x0)\r\n[    2.929583] pci 0000:01:18.5: BAR 4: [mem 0x87e105f00000-0x87e105ffffff 64bit] (from Enhanced Allocation, properties 0x0)\r\n[    2.940588] pci 0000:01:18.6: [177d:a0\u001b[1;44r\u001b[43;42H\u001b[9;43r\u001b[2S\u001b[41;42H12] type 00 class 0x0c8000\r\n[    2.946606] pci 0000:01:18.6: BAR 0: [mem 0x87e106000000-0x87e10600ffff 64bit] (from Enhanced Allocation, properties 0x0)\r\n[    2.957559] pci 0000:01:18.6: BAR 4: [mem 0x"]
[25.137346500000003,"o","87e106f00000-0x87e106ffffff 64bit] (from Enhanced Alloc"]
[25.138442500000004,"o","\u001b[1;44r\u001b[43;103H"]
[25.1465965,"o","\u001b[9;43r\u001b[43;1H\n\u001b[42;103Hation, properties 0x0)\r\n[    2.968559] pci 0000:01:18.7: [177d:a\u001b[1;44r\u001b[43;41H"]
[25.146737,"o","\u001b[9;43r\u001b[2S\u001b[41;41H012] type 00 class 0x0c8000\r\n[    2.974577] pci 0000:01:18.7: BAR 0: [mem 0x87e107000000-0x87e10700ffff 64bit] (from Enhanced Allocation, properties 0x0)\r\n[    2.985529] pci 0000:01:18.7: BAR \u001b[1;44r\u001b[43;38H"]
[25.1700325,"o","\u001b[9;43r\u001b[5S\u001b[38;38H4: [mem 0x87e107f00000-0x87e107ffffff 64bit] (from Enhanced Allocation, properties 0x0)\r\n[    2.996526] pci 0000:01:19.0: [177d:a012] type 00 class 0x0c8000\r\n[    3.002545] pci 0000:01:19.0: BAR 0: [mem 0x87e108000000-0x87e10800ffff 64bit] (from Enhanced Allocation, properties 0x0)\r\n[    3.013497] pci 0000:01:19.0: BAR 4: [mem 0x87e108f00000-0x87e108ffffff 64bit] (from Enhanced Allocation, properties 0x0)\r\n[    3.024502] pci 0000:01:19.1: [177d:a012] type 00 class 0x0c8000\r\n[    3.030519] pci 0000:01:19.1: \u001b[1;44r\u001b[43;34H"]
[25.180024500000002,"o","BAR 0: [mem 0x87e109000000-0x87e10900ffff 64bit] (from Enhanced "]
[25.1802485,"o","\u001b[9;43r\u001b[2S\u001b[41;98HAllocation, properties 0x0)\r\n[    3.041471] pci 0000:01:19.1: BAR 4: [mem 0x87e109f00000-0x87e109ffffff 64bit] (from Enhanced Allocation, properties 0x0)\r\n[    3.052470] pci 0000:01:19.2: [177\u001b[1;44r\u001b[43;38H"]
[25.1910205,"o","\u001b[9;43r\u001b[43;1H\n\u001b[42;38Hd:a012] type 00 class 0x0c8000\r\n[    3.058486] pci 0000:01:19.2:\u001b[1;44r\u001b[43;33H"]
[25.191207000000002,"o","\u001b[9;43r\u001b[43;1H\n\u001b[42;33H BAR 0: [mem 0x87e10a000000-0x87e10a00ffff 64bit] (from Enhanced Allocation, properties 0x0)\r\n[    3.069439] pci 0000:01:19.2: BAR 4: [mem 0x87e10af00000-0x87e10affffff 64bit] (from Enhanced A\u001b[1;44r\u001b[43;99H"]
[25.2020465,"o","\u001b[9;43r\u001b[43;1H\n\u001b[42;99Hllocation, properties 0x0)\r\n[    3.080445] pci 0000:01:19.3: [17\u001b[1;44r\u001b[43;37H"]
[25.202323000000003,"o","\u001b[9;43r\u001b[2S\u001b[41;37H7d:a012] type 00 class 0x0c8000\r\n[    3.086465] pci 0000:01:19.3: BAR 0: [mem 0x87e10b000000-0x87e10b00ffff 64bit] (from Enhanced Allocation, properties 0x0)\r\n[    3.097417] pci 0000:01:19.3: \u001b[1;44r\u001b[43;34H"]
[25.213549500000003,"o","BAR 4: [mem 0x87e10bf00000-0x87e10bffffff 64bit] (from Enhanced "]
[25.213833500000003,"o","\u001b[9;43r\u001b[2S\u001b[41;98HAllocation, properties 0x0)\r\n[    3.108417] pci 0000:01:1e.0: [177d:a096] type 00 class 0x028000\r\n[    3.114437] pci 0000:01:1e.0: BAR 0: [mem 0x87e080000000-0x87e0800fffff 64bit] (from Enhanc\u001b[1;44r\u001b[43;95H"]
[25.233676000000003,"o","\u001b[9;43r\u001b[3S\u001b[40;95Hed Allocation, properties 0x0)\r\n[    3.125389] pci 0000:01:1e.0: BAR 4: [mem 0x87e080f00000-0x87e080ffffff 64bit] (from Enhanced Allocation, properties 0x0)\r\n[    3.136398] pci_bus 0000:01: busn_res: [bus 01-ff] end is updated to 01\r\n[    3.143028] pci 000\u001b[1;44r\u001b[43;23H"]
[25.235568,"o","\u001b[9;43r\u001b[43;1H\n\u001b[42;23H0:02:00.0: [177d:a075] type 00 class 0x088000\r\n[    3.149046] pc\u001b[1;44r\u001b[43;18H"]
[25.235745,"o","\u001b[9;43r\u001b[2S\u001b[41;18Hi 0000:02:00.0: BAR 0: [mem 0x87e0f9000000-0x87e0f903ffff 64bit] (from Enhanced Allocation, properties 0x0)\r\n[    3.160035] pci 0000:02:10.0: [177d:a03d] type 00 class 0x058000\r\n[    3.166056]\u001b[1;44r\u001b[43;15H"]
[25.246565500000003,"o"," pci 0000:02:10.0: BAR 0: [mem 0x87e1c0000000-0x87e1c03fffff 64b"]
[25.246824500000002,"o","\u001b[9;43r\u001b[2S\u001b[41;79Hit] (from Enhanced Allocation, properties 0x0)\r\n[    3.177009] pci 0000:02:10.0: BAR 2: [mem 0x87e1c0800000-0x87e1c0ffffff 64bit] (from Enhanced Allocation, properties 0x0)\r\n[    3.187962] pci\u001b[1;44r\u001b[43;19H"]
[25.258066000000003,"o"," 0000:02:10.0: BAR 4: [mem 0x87e1c0700000-0x87e1c07fffff 64bit] "]
[25.258308500000002,"o","\u001b[9;43r\u001b[2S\u001b[41;83H(from Enhanced Allocation, properties 0x0)\r\n[    3.198964] pci 0000:02:10.1: [177d:a03d] type 00 class 0x058000\r\n[    3.204984] pci 0000:02:10.1: BAR 0: [mem 0x87e1c1000000-0x87e1c13fffff 64bi\u001b[1;44r\u001b[43;80H"]
[25.269114000000002,"o","\u001b[9;43r\u001b[43;1H\n\u001b[42;80Ht] (from Enhanced Allocation, properties 0x0)\r\n[    3.215937] pc\u001b[1;44r\u001b[43;18H"]
[25.269274000000003,"o","\u001b[9;43r\u001b[43;1H\n\u001b[42;18Hi 0000:02:10.1: BAR 2: [mem 0x87e1c1800000-0x87e1c1ffffff 64bit] (from Enhanced Allocation, properties 0x0)\r\n[    3.226891] pci 0000:02:10.1: BAR 4: [mem 0x87e1c1700000-0x87e1c17fffff 64bit] (\u001b[1;44r\u001b[43;84H"]
[25.2800675,"o","\u001b[9;43r\u001b[43;1H\n\u001b[42;84Hfrom Enhanced Allocation, properties 0x0)\r\n[    3.237895] pci_bu\u001b[1;44r\u001b[43;22H"]
[25.280235500000003,"o","\u001b[9;43r\u001b[2S\u001b[41;22Hs 0000:02: busn_res: [bus 02-ff] end is updated to 02\r\n[    3.244522] pci 0000:03:00.0: [177d:a075] type 00 class 0x088000\r\n[    3.250541] pci 0000:03:00.0: BAR 0: [mem 0x87e0fa000000-0x87e0fa\u001b[1;44r\u001b[43;69H"]
[25.291611500000002,"o","\u001b[9;43r\u001b[43;1H\n\u001b[42;69H03ffff 64bit] (from Enhanced Allocation, properties 0x0)\r\n[    3\u001b[1;44r\u001b[43;7H"]
[25.291778500000003,"o","\u001b[9;43r\u001b[2S\u001b[41;7H.261535] pci_bus 0000:03: busn_res: [bus 03-ff] end is updated to 03\r\n[    3.268160] pci 0000:04:00.0: [177d:a075] type 00 class 0x088000\r\n[    3.274177] pci 0000:04:00.0: BAR 0: [mem 0x87e0fb\u001b[1;44r\u001b[43;54H"]
[25.302553000000003,"o","000000-0x87e0fb03ffff 64bit] (from Enhanced Allocation, properti"]
[25.302842000000002,"o","\u001b[9;43r\u001b[3S\u001b[40;118Hes 0x0)\r\n[    3.285172] pci_bus 0000:04: busn_res: [bus 04-ff] end is updated to 04\r\n[    3.291797] pci 0000:05:00.0: [177d:a098] type 00 class 0x120000\r\n[    3.297816] pci 0000:05:00.0: BAR 0\u001b[1;44r\u001b[43;39H"]
[25.313596,"o",": [mem 0x87e00f000000-0x87e00f0fffff 64bit] (from Enhanced Alloc"]
[25.313793500000003,"o","\u001b[9;43r\u001b[2S\u001b[41;103Hation, properties 0x0)\r\n[    3.308770] pci 0000:05:00.0: VF BAR 0: [mem 0x80f000800000-0x80f0008fffff 64bit] (from Enhanced Allocation, properties 0x4)\r\n[    3.320000] pci 0000:05:00.0: VF(n) \u001b[1;44r\u001b[43;40H"]
[25.325001500000003,"o","BAR0 space: [mem 0x80f000800000-0x80f0008fffff 64bit] (contains "]
[25.325136500000003,"o","\u001b[9;43r\u001b[3S\u001b[40;104HBAR0 for 1 VFs)\r\n[    3.330467] pci_bus 0000:05: busn_res: [bus 05-ff] end is updated to 05\r\n[    3.337093] pci 0000:06:00.0: [177d:a080] type 00 class 0x088000\r\n[    3.343112] pci 0000:06:00.\u001b[1;44r\u001b[43;31H"]
[25.3360975,"o","0: BAR 0: [mem 0x86e000000000-0x86e0ffffffff 64bit] (from Enhanc"]
[25.336305000000003,"o","\u001b[9;43r\u001b[2S\u001b[41;95Hed Allocation, properties 0x0)\r\n[    3.354064] pci 0000:06:00.0: BAR 4: [mem 0x86e100000000-0x86e1000fffff 64bit] (from Enhanced Allocation, properties 0x0)\r\n[    3.365018] pci 0000:06:00.0: V\u001b[1;44r\u001b[43;35H"]
[25.345488500000002,"o","F BAR 0: [mem 0x86e200000000-0x86e2000fffff 64bit] (from Enhance"]
[25.345721500000003,"o","\u001b[9;43r\u001b[43;1H\n\u001b[42;99Hd Allocation, properties 0x4)\r\n[    3.376231] pci 0000:06:00.0: VF BAR 4: [mem 0x86e210000000-0x86e2100fffff 64bit] (from Enhanc\u001b[1;44r\u001b[43;98H"]
[25.347134500000003,"o","\u001b[9;43r\u001b[43;1H\n\u001b[42;98Hed Allocation, properties 0x4)\u001b[1;44r\u001b[43;1H"]
[25.847134500000003,"o","[    4.418166] pci 0000:06:00.0: VF(n) BAR0 space: [mem 0x86e200"]
[25.847448500000002,"o","\u001b[9;43r\u001b[2S\u001b[41;65H000000-0x86e201ffffff 64bit] (contains BAR0 for 32 VFs)\r\n[    4.428685] pci 0000:06:00.0: VF(n) BAR4 space: [mem 0x86e210000000-0x86e211ffffff 64bit] (contains BAR4 for 32 VFs)\r\n[    4.439254]\u001b[1;44r\u001b[43;15H"]
[25.858620500000004,"o","\u001b[9;43r\u001b[43;1H\n\u001b[42;15H pci_bus 0000:06: busn_res: [bus 06-ff] end is updated to 06\r\n[ \u001b[1;44r\u001b[43;3H"]
[25.858813,"o","\u001b[9;43r\u001b[3S\u001b[40;3H   4.445881] pci 0000:00:01.0: PCI bridge to [bus 01]\r\n[    4.450842] pci 0000:00:0c.0: PCI bridge to [bus 02]\r\n[    4.455802] pci 0000:00:0d.0: PCI bridge to [bus 03]\r\n[    4.460761] pci 0000\u001b[1;44r\u001b[43;24H"]
[25.864598000000004,"o","\u001b[9;43r\u001b[43;1H\n\u001b[42;24H:00:0e.0: PCI bridge to [bus 04]\r\n[    4.465719] pci 0000:00:0f.\u001b[1;44r\u001b[43;31H\u001b[9;43r\u001b[43;1H\n\u001b[42;31H0: PCI bridge to [bus 05]\r\n[    4.470678] pci 0000:00:14.0: PCI "]
[25.864629000000004,"o","\u001b[1;44r\u001b[43;38H"]
[25.866227000000002,"o","\u001b[9;43r\u001b[43;1H\n\u001b[42;38Hbridge to [bus 06]\u001b[1;44r\u001b[43;1H"]
[25.876133000000003,"o","[    4.475730] pci-host-generic 878020000000.pci: host bridge /s"]
[25.876366500000003,"o","\u001b[9;43r\u001b[2S\u001b[41;65Hoc@0/pci@878020000000 ranges:\r\n[    4.484007] pci-host-generic 878020000000.pci:      MEM 0x840000000000..0x85f4ffffffff -\u003e 0x840000000000\r\n[    4.493484] pci-host-generic 878020000000.pci:   \u001b[1;44r\u001b[43;53H"]
[25.882208500000004,"o","\u001b[9;43r\u001b[43;1H\n\u001b[42;53H   MEM 0x03fb000000..0x03fe4fffff -\u003e 0x03fb000000\r\n[    4.502440\u001b[1;44r\u001b[43;14H"]
[25.882338500000003,"o","] pci-host-generic 878020000000.pci: Memory resource size exceed"]
[25.883815000000002,"o","\u001b[9;43r\u001b[43;1H\n\u001b[42;78Hs max for 32 bits\u001b[1;44r\u001b[43;1H"]
[25.893589000000002,"o","[    4.510894] pci-host-generic 878020000000.pci: ECAM at [mem 0"]
[25.893830500000004,"o","\u001b[9;43r\u001b[3S\u001b[40;65Hx878020000000-0x87802fffffff] for [bus 00-ff]\r\n[    4.520557] pci-host-generic 878020000000.pci: PCI host bridge to bus 0002:00\r\n[    4.527689] pci_bus 0002:00: root bus resource [bus 00-ff]\u001b[1;44r\u001b[43;1H"]
[25.904571500000003,"o","[    4.533169] pci_bus 0002:00: root bus resource [mem 0x8400000"]
[25.904706500000003,"o","\u001b[9;43r\u001b[3S\u001b[40;65H00000-0x85f4ffffffff]\r\n[    4.540732] pci_bus 0002:00: root bus resource [mem 0x3fb000000-0x3fe4fffff]\r\n[    4.547779] pci 0002:00:00.0: [177d:a002] type 01 class 0x060401\r\n[    4.553832] pci \u001b[1;44r\u001b[43;20H"]
[25.916122,"o","\u001b[9;43r\u001b[43;1H\n\u001b[42;20H0002:00:01.0: [177d:a002] type 01 class 0x060401\r\n[    4.559881]\u001b[1;44r\u001b[43;15H"]
[25.916377000000004,"o","\u001b[9;43r\u001b[2S\u001b[41;15H pci 0002:00:02.0: [177d:a002] type 01 class 0x060401\r\n[    4.565929] pci 0002:00:03.0: [177d:a002] type 01 class 0x060401\r\n[    4.571978] pci 0002:00:04.0: [177d:a002] type 01 class 0x060401\u001b[1;44r\u001b[43;1H"]
[25.927140500000004,"o","\u001b[9;43r\u001b[43;1H\n[    4.578028] pci 0002:00:05.0: [177d:a002] type 01 class 0x06\u001b[1;44r\u001b[43;64H"]
[25.927361,"o","\u001b[9;43r\u001b[3S\u001b[40;64H0401\r\n[    4.584077] pci 0002:00:06.0: [177d:a002] type 01 class 0x060401\r\n[    4.590125] pci 0002:00:07.0: [177d:a002] type 01 class 0x060401\r\n[    4.596168] pci 0002:00:08.0: [177d:a002] typ\u001b[1;44r\u001b[43;49H"]
[25.938584500000005,"o","\u001b[9;43r\u001b[43;1H\n\u001b[42;49He 01 class 0x060401\r\n[    4.602219] pci 0002:00:09.0: [177d:a002\u001b[1;44r\u001b[43;44H"]
[25.938824500000003,"o","\u001b[9;43r\u001b[3S\u001b[40;44H] type 01 class 0x060401\r\n[    4.608263] pci 0002:00:0a.0: [177d:a002] type 01 class 0x060401\r\n[    4.614312] pci 0002:00:0b.0: [177d:a002] type 01 class 0x060401\r\n[    4.620358] pci 0002:00:0\u001b[1;44r\u001b[43;29H"]
[25.949552500000003,"o","\u001b[9;43r\u001b[43;1H\n\u001b[42;29Hc.0: [177d:a002] type 01 class 0x060401\r\n[    4.626406] pci 0002\u001b[1;44r\u001b[43;24H"]
[25.949754000000002,"o","\u001b[9;43r\u001b[3S\u001b[40;24H:00:0d.0: [177d:a002] type 01 class 0x060401\r\n[    4.632451] pci 0002:00:0e.0: [177d:a002] type 01 class 0x060401\r\n[    4.638494] pci 0002:00:0f.0: [177d:a002] type 01 class 0x060401\r\n[    4.6\u001b[1;44r\u001b[43;9H"]
[25.960963500000002,"o","\u001b[9;43r\u001b[43;1H\n\u001b[42;9H44541] pci 0002:00:10.0: [177d:a002] type 01 class 0x060401\r\n[  \u001b[1;44r\u001b[43;4H"]
[25.961137500000003,"o","\u001b[9;43r\u001b[2S\u001b[41;4H  4.650589] pci 0002:00:11.0: [177d:a002] type 01 class 0x060401\r\n[    4.656641] pci 0002:00:12.0: [177d:a002] type 01 class 0x060401\r\n[    4.662693] pci 0002:00:13.0: [177d:a002] type 01 clas\u001b[1;44r\u001b[43;58H"]
[25.972072500000003,"o","\u001b[9;43r\u001b[43;1H\n\u001b[42;58Hs 0x060401\r\n[    4.668738] pci 0002:00:14.0: [177d:a002] type 01\u001b[1;44r\u001b[43;53H"]
[25.972266500000003,"o","\u001b[9;43r\u001b[3S\u001b[40;53H class 0x060401\r\n[    4.674790] pci 0002:00:15.0: [177d:a002] type 01 class 0x060401\r\n[    4.680834] pci 0002:00:16.0: [177d:a002] type 01 class 0x060401\r\n[    4.686879] pci 0002:00:17.0: [177\u001b[1;44r\u001b[43;38H"]
[25.983085000000003,"o","\u001b[9;43r\u001b[43;1H\n\u001b[42;38Hd:a002] type 01 class 0x060401\r\n[    4.692920] pci 0002:00:18.0:\u001b[1;44r\u001b[43;33H"]
[25.983186000000003,"o","\u001b[9;43r\u001b[3S\u001b[40;33H [177d:a002] type 01 class 0x060401\r\n[    4.698968] pci 0002:00:19.0: [177d:a002] type 01 class 0x060401\r\n[    4.705016] pci 0002:00:1a.0: [177d:a002] type 01 class 0x060401\r\n[    4.711064] pc\u001b[1;44r\u001b[43;18H"]
[25.994583000000002,"o","\u001b[9;43r\u001b[43;1H\n\u001b[42;18Hi 0002:00:1b.0: [177d:a002] type 01 class 0x060401\r\n[    4.71711\u001b[1;44r\u001b[43;13H"]
[25.994776500000004,"o","\u001b[9;43r\u001b[2S\u001b[41;13H1] pci 0002:00:1c.0: [177d:a002] type 01 class 0x060401\r\n[    4.723160] pci 0002:00:1d.0: [177d:a002] type 01 class 0x060401\r\n[    4.729212] pci 0002:00:1e.0: [177d:a002] type 01 class 0x06040\u001b[1;44r\u001b[43;67H"]
[26.005574000000003,"o","\u001b[9;43r\u001b[43;1H\n\u001b[42;67H1\r\n[    4.735261] pci 0002:00:1f.0: [177d:a002] type 01 class 0x\u001b[1;44r\u001b[43;62H"]
[26.005777000000002,"o","\u001b[9;43r\u001b[3S\u001b[40;62H060401\r\n[    4.741313] pci 0002:00:06.0: bridge configuration invalid ([bus 00-00]), reconfiguring\r\n[    4.749352] pci 0002:01:00.0: [177d:a065] type 00 class 0x020000\r\n[    4.755371] pci 0002\u001b[1;44r\u001b[43;24H"]
[26.017073500000002,"o",":01:00.0: BAR 0: [mem 0x840000000000-0x8401ffffffff 64bit] (from"]
[26.017209000000005,"o","\u001b[9;43r\u001b[2S\u001b[41;88H Enhanced Allocation, properties 0x0)\r\n[    4.766323] pci 0002:01:00.0: BAR 2: [mem 0x840200000000-0x840201ffffff 64bit] (from Enhanced Allocation, properties 0x0)\r\n[    4.777278] pci 0002:01:\u001b[1;44r\u001b[43;28H"]
[26.0280495,"o","00.0: BAR 4: [mem 0x3fb000000-0x3fb1fffff 64bit] (from Enhanced "]
[26.028252500000004,"o","\u001b[9;43r\u001b[2S\u001b[41;92HAllocation, properties 0x0)\r\n[    4.787710] pci 0002:01:00.0: VF BAR 2: [mem 0x840202000000-0x840203ffffff 64bit] (from Enhanced Allocation, properties 0x4)\r\n[    4.798924] pci 0002:01:00.0: V\u001b[1;44r\u001b[43;35H"]
[26.1042185,"o","\u001b[9;43r\u001b[14S\u001b[29;35HF BAR 4: [mem 0x3fb200000-0x3fb23ffff 64bit] (from Enhanced Allocation, properties 0x4)\r\n[    4.809632] pci 0002:01:00.0: VF(n) BAR2 space: [mem 0x840202000000-0x840221ffffff 64bit] (contains BAR2 for 16 VFs)\r\n[    4.820150] pci 0002:01:00.0: VF(n) BAR4 space: [mem 0x3fb200000-0x3fb5fffff 64bit] (contains BAR4 for 16 VFs)\r\n[    4.830196] pci_bus 0002:01: busn_res: [bus 01-ff] end is updated to 01\r\n[    4.836820] pci 0002:02:00.0: [177d:a063] type 00 class 0x020000\r\n[    4.842839] pci 0002:02:00.0: BAR 2: [mem 0x841200000000-0x841201ffffff 64bit] (from Enhanced Allocation, properties 0x0)\r\n[    4.853791] pci 0002:02:00.0: BAR 4: [mem 0x3fb600000-0x3fb67ffff 64bit] (from Enhanced Allocation, properties 0x0)\r\n[    4.864221] pci 0002:02:00.0: VF BAR 2: [mem 0x841202000000-0x841203ffffff 64bit] (from Enhanced Allocation, properties 0x4)\r\n[    4.875435] pci 0002:02:00.0: VF BAR 4: [mem 0x3fb680000-0x3fb6bffff 64bit] (from Enhanced Allocation, properties 0x4)\r\n[    4.886141] pci 0002:02:00.0: VF("]
[26.104261000000005,"o","n) BAR2 space: [mem 0x841202000000-0x841207ffffff 64bit] (contains BAR2 for 3 VFs)\r\n[    4.896571] pci 0002:02:00.0: VF(n) BAR4 space: [mem 0x3fb680000-0x3fb73ffff 64bit] (contains BAR4 for 3 VFs)\r\n[    4.906512] pci_bus 0002:02: busn_res: [bus 02-ff] end is updated to 02\r\n[    4.913137] pci 0002:03:00.0: [177d:a063] type 00 class 0x020000\r\n[    4.919155] pci 0002:03:00.0: BAR 2: [mem 0x842200000000-0x842201ffffff 64bit] (from Enhanced Allocation, properties 0x0)\r\n[    4.930108] pci 0002:03:00.0: BAR 4: [mem 0x3fb740000-0x3fb7\u001b[1;44r\u001b[43;64H"]
[26.106144500000003,"o","\u001b[9;43r\u001b[43;1H\n\u001b[42;64Hbffff 64bit] (from Enhanced Allocation, properties 0x0)\r\n[    4.\u001b[1;44r\u001b[43;8H"]
[26.106271000000003,"o","\u001b[9;43r\u001b[43;1H\n\u001b[42;8H940539] pci 0002:03:00.0: VF BAR 2: [mem 0x842202000000-0x842203ffffff 64bit] (from Enhanced Allocation, properties 0x4)\r\n[    4.951752] pci 0002:03:00.0: VF BAR 4: [mem 0x3fb7c0000-0x3fb7ffff\u001b[1;44r\u001b[43;71H"]
[26.117102000000003,"o","\u001b[9;43r\u001b[43;1H\n\u001b[42;71Hf 64bit] (from Enhanced Allocation, properties 0x4)\r\n[    4.9624\u001b[1;44r\u001b[43;12H"]
[26.117288500000004,"o","\u001b[9;43r\u001b[43;1H\n\u001b[42;12H58] pci 0002:03:00.0: VF(n) BAR2 space: [mem 0x842202000000-0x842207ffffff 64bit] (contains BAR2 for 3 VFs)\r\n[    4.972888] pci 0002:03:00.0: VF(n) BAR4 space: [mem 0x3fb7c0000-0x3fb87ffff 64b\u001b[1;44r\u001b[43;84H"]
[26.128100000000003,"o","\u001b[9;43r\u001b[43;1H\n\u001b[42;84Hit] (contains BAR4 for 3 VFs)\r\n[    4.982839] pci_bus 0002:03: b\u001b[1;44r\u001b[43;34H"]
[26.1283795,"o","\u001b[9;43r\u001b[2S\u001b[41;34Husn_res: [bus 03-ff] end is updated to 03\r\n[    4.989467] pci 0002:04:00.0: [177d:a0f9] type 00 class 0x088000\r\n[    4.995482] pci 0002:04:00.0: BAR 2: [mem 0x843200000000-0x843201ffffff 64bit\u001b[1;44r\u001b[43;81H"]
[26.144187000000002,"o","\u001b[9;43r\u001b[2S\u001b[41;81H] (from Enhanced Allocation, properties 0x0)\r\n[    5.006433] pci 0002:04:00.0: BAR 4: [mem 0x3fb880000-0x3fb8fffff 64bit] (from Enhanced Allocation, properties 0x0)\r\n[    5.016864] pci 0002:04:00.0: VF BAR 2: [mem 0x843202000000-0x843203ffffff 64bit] (from\u001b[1;44r\u001b[43;91H"]
[26.1506195,"o","\u001b[9;43r\u001b[43;1H\n\u001b[42;91H Enhanced Allocation, properties 0x4)\r\n[    5.028124] pci_bus 00\u001b[1;44r\u001b[43;26H"]
[26.150710500000002,"o","\u001b[9;43r\u001b[2S\u001b[41;26H02:04: busn_res: [bus 04-ff] end is updated to 04\r\n[    5.034752] pci 0002:05:00.0: [177d:a0f9] type 00 class 0x088000\r\n[    5.040769] pci 0002:05:00.0: BAR 2: [mem 0x844200000000-0x844201ffff\u001b[1;44r\u001b[43;73H"]
[26.161580500000003,"o","\u001b[9;43r\u001b[43;1H\n\u001b[42;73Hff 64bit] (from Enhanced Allocation, properties 0x0)\r\n[    5.051\u001b[1;44r\u001b[43;11H"]
[26.161844000000002,"o","\u001b[9;43r\u001b[43;1H\n\u001b[42;11H722] pci 0002:05:00.0: BAR 4: [mem 0x3fb900000-0x3fb97ffff 64bit] (from Enhanced Allocation, properties 0x0)\r\n[    5.062153] pci 0002:05:00.0: VF BAR 2: [mem 0x844202000000-0x844203ffffff 64bi\u001b[1;44r\u001b[43;83H"]
[26.172633500000003,"o","\u001b[9;43r\u001b[43;1H\n\u001b[42;83Ht] (from Enhanced Allocation, properties 0x4)\r\n[    5.073414] pc\u001b[1;44r\u001b[43;18H"]
[26.172724000000002,"o","\u001b[9;43r\u001b[2S\u001b[41;18Hi_bus 0002:05: busn_res: [bus 05-ff] end is updated to 05\r\n[    5.080042] pci 0002:06:00.0: [177d:a0f9] type 00 class 0x088000\r\n[    5.086058] pci 0002:06:00.0: BAR 2: [mem 0x845200000000-0x84\u001b[1;44r\u001b[43;65H"]
[26.184132,"o","\u001b[9;43r\u001b[43;1H\n\u001b[42;65H5201ffffff 64bit] (from Enhanced Allocation, properties 0x0)\r\n[ \u001b[1;44r\u001b[43;3H"]
[26.184478000000002,"o","\u001b[9;43r\u001b[43;1H\n\u001b[42;3H   5.097011] pci 0002:06:00.0: BAR 4: [mem 0x3fb980000-0x3fb9fffff 64bit] (from Enhanced Allocation, properties 0x0)\r\n[    5.107444] pci 0002:06:00.0: VF BAR 2: [mem 0x845202000000-0x845203fff\u001b[1;44r\u001b[43;75H"]
[26.210307000000004,"o","\u001b[9;43r\u001b[5S\u001b[38;75Hfff 64bit] (from Enhanced Allocation, properties 0x4)\r\n[    5.118702] pci_bus 0002:06: busn_res: [bus 06-ff] end is updated to 06\r\n[    5.125329] pci 0002:07:00.0: [177d:a0f9] type 00 class 0x088000\r\n[    5.131349] pci 0002:07:00.0: BAR 2: [mem 0x846200000000-0x846201ffffff 64bit] (from Enhanced Allocation, properties 0x0)\r\n[    5.142302] pci 0002:07:00.0: BAR 4: [mem 0x3fba00000-0x3fba7ffff 64bit] (from Enhanced Allocation, properties 0x0)\r\n[    5.152733] pci 0002:07:00.0: VF BAR 2: [mem 0x846202000000-0x8\u001b[1;44r\u001b[43;67H"]
[26.217552500000004,"o","\u001b[9;43r\u001b[43;1H\n\u001b[42;67H46203ffffff 64bit] (from Enhanced Allocation, properties 0x4)\r\n[\u001b[1;44r\u001b[43;2H"]
[26.217810500000002,"o","\u001b[9;43r\u001b[2S\u001b[41;2H    5.163994] pci_bus 0002:07: busn_res: [bus 07-ff] end is updated to 07\r\n[    5.170620] pci 0002:08:00.0: [177d:a0f9] type 00 class 0x088000\r\n[    5.176640] pci 0002:08:00.0: BAR 2: [mem 0x8\u001b[1;44r\u001b[43;49H"]
[26.2285855,"o","47200000000-0x847201ffffff 64bit] (from Enhanced Allocation, pro"]
[26.228809500000004,"o","\u001b[9;43r\u001b[2S\u001b[41;113Hperties 0x0)\r\n[    5.187593] pci 0002:08:00.0: BAR 4: [mem 0x3fba80000-0x3fbafffff 64bit] (from Enhanced Allocation, properties 0x0)\r\n[    5.198024] pci 0002:08:00.0: VF BAR 2: [mem 0x84720200\u001b[1;44r\u001b[43;59H"]
[26.239688000000005,"o","0000-0x847203ffffff 64bit] (from Enhanced Allocation, properties"]
[26.239962500000004,"o","\u001b[9;43r\u001b[3S\u001b[40;123H 0x4)\r\n[    5.209281] pci_bus 0002:08: busn_res: [bus 08-ff] end is updated to 08\r\n[    5.215907] pci 0002:09:00.0: [177d:a0f9] type 00 class 0x088000\r\n[    5.221928] pci 0002:09:00.0: BAR 2: \u001b[1;44r\u001b[43;41H"]
[26.251168000000003,"o","[mem 0x848200000000-0x848201ffffff 64bit] (from Enhanced Allocat"]
[26.251523000000002,"o","\u001b[9;43r\u001b[2S\u001b[41;105Hion, properties 0x0)\r\n[    5.232880] pci 0002:09:00.0: BAR 4: [mem 0x3fbb00000-0x3fbb7ffff 64bit] (from Enhanced Allocation, properties 0x0)\r\n[    5.243311] pci 0002:09:00.0: VF BAR 2: [mem 0x\u001b[1;44r\u001b[43;51H"]
[26.2621685,"o","848202000000-0x848203ffffff 64bit] (from Enhanced Allocation, pr"]
[26.262461500000004,"o","\u001b[9;43r\u001b[3S\u001b[40;115Hoperties 0x4)\r\n[    5.254569] pci_bus 0002:09: busn_res: [bus 09-ff] end is updated to 09\r\n[    5.261197] pci 0002:0a:00.0: [177d:a0f9] type 00 class 0x088000\r\n[    5.267212] pci 0002:0a:00.0:\u001b[1;44r\u001b[43;33H"]
[26.273145500000002,"o"," BAR 2: [mem 0x849200000000-0x849201ffffff 64bit] (from Enhanced"]
[26.273433000000004,"o","\u001b[9;43r\u001b[2S\u001b[41;97H Allocation, properties 0x0)\r\n[    5.278166] pci 0002:0a:00.0: BAR 4: [mem 0x3fbb80000-0x3fbbfffff 64bit] (from Enhanced Allocation, properties 0x0)\r\n[    5.288598] pci 0002:0a:00.0: VF BAR 2:\u001b[1;44r\u001b[43;43H"]
[26.284133500000003,"o"," [mem 0x849202000000-0x849203ffffff 64bit] (from Enhanced Alloca"]
[26.284463500000005,"o","\u001b[9;43r\u001b[3S\u001b[40;107Htion, properties 0x4)\r\n[    5.299851] pci_bus 0002:0a: busn_res: [bus 0a-ff] end is updated to 0a\r\n[    5.306482] pci 0002:0b:00.0: [177d:a0f9] type 00 class 0x088000\r\n[    5.312501] pci 0002:\u001b[1;44r\u001b[43;25H"]
[26.295612500000004,"o","0b:00.0: BAR 2: [mem 0x84a200000000-0x84a201ffffff 64bit] (from "]
[26.295938000000003,"o","\u001b[9;43r\u001b[2S\u001b[41;89HEnhanced Allocation, properties 0x0)\r\n[    5.323453] pci 0002:0b:00.0: BAR 4: [mem 0x3fbc00000-0x3fbc7ffff 64bit] (from Enhanced Allocation, properties 0x0)\r\n[    5.333883] pci 0002:0b:00.0: V\u001b[1;44r\u001b[43;35H"]
[26.306679000000003,"o","F BAR 2: [mem 0x84a202000000-0x84a203ffffff 64bit] (from Enhance"]
[26.306879000000002,"o","\u001b[9;43r\u001b[3S\u001b[40;99Hd Allocation, properties 0x4)\r\n[    5.345136] pci_bus 0002:0b: busn_res: [bus 0b-ff] end is updated to 0b\r\n[    5.351763] pci 0002:0c:00.0: [177d:a0f9] type 00 class 0x088000\r\n[    5.357781] p\u001b[1;44r\u001b[43;17H"]
[26.317572500000004,"o","ci 0002:0c:00.0: BAR 2: [mem 0x84b200000000-0x84b201ffffff 64bit"]
[26.317885000000004,"o","\u001b[9;43r\u001b[2S\u001b[41;81H] (from Enhanced Allocation, properties 0x0)\r\n[    5.368733] pci 0002:0c:00.0: BAR 4: [mem 0x3fbc80000-0x3fbcfffff 64bit] (from Enhanced Allocation, properties 0x0)\r\n[    5.379165] pci 0002:0c\u001b[1;44r\u001b[43;27H"]
[26.329128500000003,"o",":00.0: VF BAR 2: [mem 0x84b202000000-0x84b203ffffff 64bit] (from"]
[26.329390000000004,"o","\u001b[9;43r\u001b[3S\u001b[40;91H Enhanced Allocation, properties 0x4)\r\n[    5.390417] pci_bus 0002:0c: busn_res: [bus 0c-ff] end is updated to 0c\r\n[    5.397044] pci 0002:0d:00.0: [177d:a0f0] type 00 class 0x088000\r\n[    5.4\u001b[1;44r\u001b[43;9H"]
[26.340141000000003,"o","03063] pci 0002:0d:00.0: BAR 2: [mem 0x84c200000000-0x84c201ffff"]
[26.340357500000003,"o","\u001b[9;43r\u001b[2S\u001b[41;73Hff 64bit] (from Enhanced Allocation, properties 0x0)\r\n[    5.414016] pci 0002:0d:00.0: BAR 4: [mem 0x3fbd00000-0x3fbd7ffff 64bit] (from Enhanced Allocation, properties 0x0)\r\n[    5.424446] pci\u001b[1;44r\u001b[43;19H"]
[26.351160000000004,"o"," 0002:0d:00.0: VF BAR 2: [mem 0x84c202000000-0x84c203ffffff 64bi"]
[26.351500500000004,"o","\u001b[9;43r\u001b[3S\u001b[40;83Ht] (from Enhanced Allocation, properties 0x4)\r\n[    5.435700] pci_bus 0002:0d: busn_res: [bus 0d-ff] end is updated to 0d\r\n[    5.442328] pci 0002:0e:00.0: [177d:a0f0] type 00 class 0x088000\u001b[1;44r\u001b[43;1H"]
[26.362071000000004,"o","[    5.448347] pci 0002:0e:00.0: BAR 2: [mem 0x84d200000000-0x84"]
[26.362294500000004,"o","\u001b[9;43r\u001b[2S\u001b[41;65Hd201ffffff 64bit] (from Enhanced Allocation, properties 0x0)\r\n[    5.459299] pci 0002:0e:00.0: BAR 4: [mem 0x3fbd80000-0x3fbdfffff 64bit] (from Enhanced Allocation, properties 0x0)\r\n[    5.469\u001b[1;44r\u001b[43;11H"]
[26.373659000000004,"o","729] pci 0002:0e:00.0: VF BAR 2: [mem 0x84d202000000-0x84d203fff"]
[26.373932000000003,"o","\u001b[9;43r\u001b[2S\u001b[41;75Hfff 64bit] (from Enhanced Allocation, properties 0x4)\r\n[    5.480982] pci_bus 0002:0e: busn_res: [bus 0e-ff] end is updated to 0e\r\n[    5.487609] pci 0002:0f:00.0: [177d:a0f0] type 00 class 0x\u001b[1;44r\u001b[43;62H"]
[26.3846525,"o","\u001b[9;43r\u001b[43;1H\n\u001b[42;62H088000\r\n[    5.493628] pci 0002:0f:00.0: BAR 2: [mem 0x84e200000\u001b[1;44r\u001b[43;57H"]
